###############################################################################
#
# IAR ELF Linker V9.50.2.385/W64 for ARM                  23/Oct/2024  16:11:28
# Copyright 2007-2024 IAR Systems AB.
#
#    Output file  =
#        C:\TouchGFXProjects\VideoExample\EWARM\STM32H7B3I-DK\Exe\STM32H7B3I-DK.out
#    Map file     =
#        C:\TouchGFXProjects\VideoExample\EWARM\STM32H7B3I-DK\List\STM32H7B3I-DK.map
#    Command line =
#        -f
#        C:\TouchGFXProjects\VideoExample\EWARM\STM32H7B3I-DK\Exe\STM32H7B3I-DK.out.rsp
#        (C:\TouchGFXProjects\VideoExample\EWARM\STM32H7B3I-DK\Obj\App_5202669685432094971.dir\app_touchgfx.o
#        C:\TouchGFXProjects\VideoExample\EWARM\STM32H7B3I-DK\Obj\fonts_364335927246062651.dir\ApplicationFontProvider.o
#        C:\TouchGFXProjects\VideoExample\EWARM\STM32H7B3I-DK\Obj\images_51081619550049707.dir\BitmapDatabase.o
#        C:\TouchGFXProjects\VideoExample\EWARM\STM32H7B3I-DK\Obj\fonts_364335927246062651.dir\CachedFont.o
#        C:\TouchGFXProjects\VideoExample\EWARM\STM32H7B3I-DK\Obj\FreeRTOS_4809373609813369194.dir\cmsis_os2.o
#        C:\TouchGFXProjects\VideoExample\EWARM\STM32H7B3I-DK\Obj\target_17702135352954180117.dir\CortexMMCUInstrumentation.o
#        C:\TouchGFXProjects\VideoExample\EWARM\STM32H7B3I-DK\Obj\FreeRTOS_4809373609813369194.dir\croutine.o
#        C:\TouchGFXProjects\VideoExample\EWARM\STM32H7B3I-DK\Obj\FreeRTOS_4809373609813369194.dir\event_groups.o
#        C:\TouchGFXProjects\VideoExample\EWARM\STM32H7B3I-DK\Obj\fonts_364335927246062651.dir\Font_verdana_10_4bpp_0.o
#        C:\TouchGFXProjects\VideoExample\EWARM\STM32H7B3I-DK\Obj\fonts_364335927246062651.dir\Font_verdana_20_4bpp_0.o
#        C:\TouchGFXProjects\VideoExample\EWARM\STM32H7B3I-DK\Obj\fonts_364335927246062651.dir\Font_verdana_40_4bpp_0.o
#        C:\TouchGFXProjects\VideoExample\EWARM\STM32H7B3I-DK\Obj\fonts_364335927246062651.dir\FontCache.o
#        C:\TouchGFXProjects\VideoExample\EWARM\STM32H7B3I-DK\Obj\Core_13247989168731456611.dir\freertos.o
#        C:\TouchGFXProjects\VideoExample\EWARM\STM32H7B3I-DK\Obj\common_9093591717041166327.dir\FrontendApplication.o
#        C:\TouchGFXProjects\VideoExample\EWARM\STM32H7B3I-DK\Obj\gui_generated_17774266889632594391.dir\FrontendApplicationBase.o
#        C:\TouchGFXProjects\VideoExample\EWARM\STM32H7B3I-DK\Obj\Components_1361118596739929299.dir\ft5336.o
#        C:\TouchGFXProjects\VideoExample\EWARM\STM32H7B3I-DK\Obj\Components_1361118596739929299.dir\ft5336_reg.o
#        C:\TouchGFXProjects\VideoExample\EWARM\STM32H7B3I-DK\Obj\fonts_364335927246062651.dir\GeneratedFont.o
#        C:\TouchGFXProjects\VideoExample\EWARM\STM32H7B3I-DK\Obj\generated_2151484183173274892.dir\HardwareMJPEGDecoder.o
#        C:\TouchGFXProjects\VideoExample\EWARM\STM32H7B3I-DK\Obj\FreeRTOS_4809373609813369194.dir\heap_4.o
#        C:\TouchGFXProjects\VideoExample\EWARM\STM32H7B3I-DK\Obj\images_51081619550049707.dir\image_background.o
#        C:\TouchGFXProjects\VideoExample\EWARM\STM32H7B3I-DK\Obj\images_51081619550049707.dir\image_button_pause_pink.o
#        C:\TouchGFXProjects\VideoExample\EWARM\STM32H7B3I-DK\Obj\images_51081619550049707.dir\image_button_pause_white.o
#        C:\TouchGFXProjects\VideoExample\EWARM\STM32H7B3I-DK\Obj\images_51081619550049707.dir\image_button_play_pink.o
#        C:\TouchGFXProjects\VideoExample\EWARM\STM32H7B3I-DK\Obj\images_51081619550049707.dir\image_button_play_white.o
#        C:\TouchGFXProjects\VideoExample\EWARM\STM32H7B3I-DK\Obj\Utilities_17002154029713865955.dir\jpeg_utils.o
#        C:\TouchGFXProjects\VideoExample\EWARM\STM32H7B3I-DK\Obj\fonts_364335927246062651.dir\Kerning_verdana_10_4bpp.o
#        C:\TouchGFXProjects\VideoExample\EWARM\STM32H7B3I-DK\Obj\fonts_364335927246062651.dir\Kerning_verdana_20_4bpp.o
#        C:\TouchGFXProjects\VideoExample\EWARM\STM32H7B3I-DK\Obj\fonts_364335927246062651.dir\Kerning_verdana_40_4bpp.o
#        C:\TouchGFXProjects\VideoExample\EWARM\STM32H7B3I-DK\Obj\texts_3692531682719997760.dir\LanguageGb.o
#        C:\TouchGFXProjects\VideoExample\EWARM\STM32H7B3I-DK\Obj\FreeRTOS_4809373609813369194.dir\list.o
#        C:\TouchGFXProjects\VideoExample\EWARM\STM32H7B3I-DK\Obj\Core_13247989168731456611.dir\main.o
#        C:\TouchGFXProjects\VideoExample\EWARM\STM32H7B3I-DK\Obj\main_screen_12524519431270859662.dir\MainPresenter.o
#        C:\TouchGFXProjects\VideoExample\EWARM\STM32H7B3I-DK\Obj\main_screen_12524519431270859662.dir\MainView.o
#        C:\TouchGFXProjects\VideoExample\EWARM\STM32H7B3I-DK\Obj\gui_generated_17774266889632594391.dir\MainViewBase.o
#        C:\TouchGFXProjects\VideoExample\EWARM\STM32H7B3I-DK\Obj\model_4974880502791735897.dir\Model.o
#        C:\TouchGFXProjects\VideoExample\EWARM\STM32H7B3I-DK\Obj\Components_1361118596739929299.dir\mx25lm51245g.o
#        C:\TouchGFXProjects\VideoExample\EWARM\STM32H7B3I-DK\Obj\generated_2151484183173274892.dir\OSWrappers.o
#        C:\TouchGFXProjects\VideoExample\EWARM\STM32H7B3I-DK\Obj\FreeRTOS_4809373609813369194.dir\port.o
#        C:\TouchGFXProjects\VideoExample\EWARM\STM32H7B3I-DK\Obj\FreeRTOS_4809373609813369194.dir\portasm.o
#        C:\TouchGFXProjects\VideoExample\EWARM\STM32H7B3I-DK\Obj\FreeRTOS_4809373609813369194.dir\queue.o
#        C:\TouchGFXProjects\VideoExample\EWARM\STM32H7B3I-DK\Obj\EWARM_18443280873093131863.dir\startup_stm32h7b3xxq.o
#        C:\TouchGFXProjects\VideoExample\EWARM\STM32H7B3I-DK\Obj\generated_2151484183173274892.dir\STM32DMA.o
#        C:\TouchGFXProjects\VideoExample\EWARM\STM32H7B3I-DK\Obj\STM32H7B3I-DK_16853667502136882900.dir\stm32h7b3i_discovery_bus.o
#        C:\TouchGFXProjects\VideoExample\EWARM\STM32H7B3I-DK\Obj\STM32H7B3I-DK_16853667502136882900.dir\stm32h7b3i_discovery_ospi.o
#        C:\TouchGFXProjects\VideoExample\EWARM\STM32H7B3I-DK\Obj\STM32H7B3I-DK_16853667502136882900.dir\stm32h7b3i_discovery_ts.o
#        C:\TouchGFXProjects\VideoExample\EWARM\STM32H7B3I-DK\Obj\STM32H7xx_HAL_Driver_12323373487323971647.dir\stm32h7xx_hal.o
#        C:\TouchGFXProjects\VideoExample\EWARM\STM32H7B3I-DK\Obj\STM32H7xx_HAL_Driver_12323373487323971647.dir\stm32h7xx_hal_cortex.o
#        C:\TouchGFXProjects\VideoExample\EWARM\STM32H7B3I-DK\Obj\STM32H7xx_HAL_Driver_12323373487323971647.dir\stm32h7xx_hal_crc.o
#        C:\TouchGFXProjects\VideoExample\EWARM\STM32H7B3I-DK\Obj\STM32H7xx_HAL_Driver_12323373487323971647.dir\stm32h7xx_hal_crc_ex.o
#        C:\TouchGFXProjects\VideoExample\EWARM\STM32H7B3I-DK\Obj\STM32H7xx_HAL_Driver_12323373487323971647.dir\stm32h7xx_hal_dma.o
#        C:\TouchGFXProjects\VideoExample\EWARM\STM32H7B3I-DK\Obj\STM32H7xx_HAL_Driver_12323373487323971647.dir\stm32h7xx_hal_dma2d.o
#        C:\TouchGFXProjects\VideoExample\EWARM\STM32H7B3I-DK\Obj\STM32H7xx_HAL_Driver_12323373487323971647.dir\stm32h7xx_hal_dma_ex.o
#        C:\TouchGFXProjects\VideoExample\EWARM\STM32H7B3I-DK\Obj\STM32H7xx_HAL_Driver_12323373487323971647.dir\stm32h7xx_hal_dsi.o
#        C:\TouchGFXProjects\VideoExample\EWARM\STM32H7B3I-DK\Obj\STM32H7xx_HAL_Driver_12323373487323971647.dir\stm32h7xx_hal_exti.o
#        C:\TouchGFXProjects\VideoExample\EWARM\STM32H7B3I-DK\Obj\STM32H7xx_HAL_Driver_12323373487323971647.dir\stm32h7xx_hal_flash.o
#        C:\TouchGFXProjects\VideoExample\EWARM\STM32H7B3I-DK\Obj\STM32H7xx_HAL_Driver_12323373487323971647.dir\stm32h7xx_hal_flash_ex.o
#        C:\TouchGFXProjects\VideoExample\EWARM\STM32H7B3I-DK\Obj\STM32H7xx_HAL_Driver_12323373487323971647.dir\stm32h7xx_hal_gpio.o
#        C:\TouchGFXProjects\VideoExample\EWARM\STM32H7B3I-DK\Obj\STM32H7xx_HAL_Driver_12323373487323971647.dir\stm32h7xx_hal_hsem.o
#        C:\TouchGFXProjects\VideoExample\EWARM\STM32H7B3I-DK\Obj\STM32H7xx_HAL_Driver_12323373487323971647.dir\stm32h7xx_hal_i2c.o
#        C:\TouchGFXProjects\VideoExample\EWARM\STM32H7B3I-DK\Obj\STM32H7xx_HAL_Driver_12323373487323971647.dir\stm32h7xx_hal_i2c_ex.o
#        C:\TouchGFXProjects\VideoExample\EWARM\STM32H7B3I-DK\Obj\STM32H7xx_HAL_Driver_12323373487323971647.dir\stm32h7xx_hal_jpeg.o
#        C:\TouchGFXProjects\VideoExample\EWARM\STM32H7B3I-DK\Obj\STM32H7xx_HAL_Driver_12323373487323971647.dir\stm32h7xx_hal_ltdc.o
#        C:\TouchGFXProjects\VideoExample\EWARM\STM32H7B3I-DK\Obj\STM32H7xx_HAL_Driver_12323373487323971647.dir\stm32h7xx_hal_ltdc_ex.o
#        C:\TouchGFXProjects\VideoExample\EWARM\STM32H7B3I-DK\Obj\STM32H7xx_HAL_Driver_12323373487323971647.dir\stm32h7xx_hal_mdma.o
#        C:\TouchGFXProjects\VideoExample\EWARM\STM32H7B3I-DK\Obj\Core_13247989168731456611.dir\stm32h7xx_hal_msp.o
#        C:\TouchGFXProjects\VideoExample\EWARM\STM32H7B3I-DK\Obj\STM32H7xx_HAL_Driver_12323373487323971647.dir\stm32h7xx_hal_ospi.o
#        C:\TouchGFXProjects\VideoExample\EWARM\STM32H7B3I-DK\Obj\STM32H7xx_HAL_Driver_12323373487323971647.dir\stm32h7xx_hal_pwr.o
#        C:\TouchGFXProjects\VideoExample\EWARM\STM32H7B3I-DK\Obj\STM32H7xx_HAL_Driver_12323373487323971647.dir\stm32h7xx_hal_pwr_ex.o
#        C:\TouchGFXProjects\VideoExample\EWARM\STM32H7B3I-DK\Obj\STM32H7xx_HAL_Driver_12323373487323971647.dir\stm32h7xx_hal_rcc.o
#        C:\TouchGFXProjects\VideoExample\EWARM\STM32H7B3I-DK\Obj\STM32H7xx_HAL_Driver_12323373487323971647.dir\stm32h7xx_hal_rcc_ex.o
#        C:\TouchGFXProjects\VideoExample\EWARM\STM32H7B3I-DK\Obj\STM32H7xx_HAL_Driver_12323373487323971647.dir\stm32h7xx_hal_sdram.o
#        C:\TouchGFXProjects\VideoExample\EWARM\STM32H7B3I-DK\Obj\STM32H7xx_HAL_Driver_12323373487323971647.dir\stm32h7xx_hal_tim.o
#        C:\TouchGFXProjects\VideoExample\EWARM\STM32H7B3I-DK\Obj\STM32H7xx_HAL_Driver_12323373487323971647.dir\stm32h7xx_hal_tim_ex.o
#        C:\TouchGFXProjects\VideoExample\EWARM\STM32H7B3I-DK\Obj\Core_13247989168731456611.dir\stm32h7xx_hal_timebase_tim.o
#        C:\TouchGFXProjects\VideoExample\EWARM\STM32H7B3I-DK\Obj\Core_13247989168731456611.dir\stm32h7xx_it.o
#        C:\TouchGFXProjects\VideoExample\EWARM\STM32H7B3I-DK\Obj\STM32H7xx_HAL_Driver_12323373487323971647.dir\stm32h7xx_ll_fmc.o
#        C:\TouchGFXProjects\VideoExample\EWARM\STM32H7B3I-DK\Obj\target_17702135352954180117.dir\STM32TouchController.o
#        C:\TouchGFXProjects\VideoExample\EWARM\STM32H7B3I-DK\Obj\FreeRTOS_4809373609813369194.dir\stream_buffer.o
#        C:\TouchGFXProjects\VideoExample\EWARM\STM32H7B3I-DK\Obj\images_51081619550049707.dir\SVGDatabase.o
#        C:\TouchGFXProjects\VideoExample\EWARM\STM32H7B3I-DK\Obj\CMSIS_6603591812247902717.dir\system_stm32h7xx.o
#        C:\TouchGFXProjects\VideoExample\EWARM\STM32H7B3I-DK\Obj\fonts_364335927246062651.dir\Table_verdana_10_4bpp.o
#        C:\TouchGFXProjects\VideoExample\EWARM\STM32H7B3I-DK\Obj\fonts_364335927246062651.dir\Table_verdana_20_4bpp.o
#        C:\TouchGFXProjects\VideoExample\EWARM\STM32H7B3I-DK\Obj\fonts_364335927246062651.dir\Table_verdana_40_4bpp.o
#        C:\TouchGFXProjects\VideoExample\EWARM\STM32H7B3I-DK\Obj\FreeRTOS_4809373609813369194.dir\tasks.o
#        C:\TouchGFXProjects\VideoExample\EWARM\STM32H7B3I-DK\Obj\texts_3692531682719997760.dir\Texts.o
#        C:\TouchGFXProjects\VideoExample\EWARM\STM32H7B3I-DK\Obj\generated_2151484183173274892.dir\tgfx_jpeg_utils.o
#        C:\TouchGFXProjects\VideoExample\EWARM\STM32H7B3I-DK\Obj\FreeRTOS_4809373609813369194.dir\timers.o
#        C:\TouchGFXProjects\VideoExample\Middlewares\ST\touchgfx\lib\core\cortex_m7\IAR9.x\touchgfx_core.a
#        C:\TouchGFXProjects\VideoExample\EWARM\STM32H7B3I-DK\Obj\generated_2151484183173274892.dir\TouchGFXConfiguration.o
#        C:\TouchGFXProjects\VideoExample\EWARM\STM32H7B3I-DK\Obj\generated_2151484183173274892.dir\TouchGFXGeneratedHAL.o
#        C:\TouchGFXProjects\VideoExample\EWARM\STM32H7B3I-DK\Obj\target_17702135352954180117.dir\TouchGFXGPIO.o
#        C:\TouchGFXProjects\VideoExample\EWARM\STM32H7B3I-DK\Obj\target_17702135352954180117.dir\TouchGFXHAL.o
#        C:\TouchGFXProjects\VideoExample\EWARM\STM32H7B3I-DK\Obj\texts_3692531682719997760.dir\TypedTextDatabase.o
#        C:\TouchGFXProjects\VideoExample\EWARM\STM32H7B3I-DK\Obj\fonts_364335927246062651.dir\UnmappedDataFont.o
#        C:\TouchGFXProjects\VideoExample\EWARM\STM32H7B3I-DK\Obj\fonts_364335927246062651.dir\VectorFontRendererBuffers.o
#        --redirect _Printf=_PrintfFull --redirect _Scanf=_ScanfFull
#        --no_out_extension -o
#        C:\TouchGFXProjects\VideoExample\EWARM\STM32H7B3I-DK\Exe\STM32H7B3I-DK.out
#        --map
#        C:\TouchGFXProjects\VideoExample\EWARM\STM32H7B3I-DK\List\STM32H7B3I-DK.map
#        --config C:\TouchGFXProjects\VideoExample\EWARM/stm32h7b3xxq_flash.icf
#        --image_input
#        C:\TouchGFXProjects\VideoExample\EWARM\..\TouchGFX\generated\videos\bin\SampleVideo2_216x216.bin,video_SampleVideo2_216x216_bin_start,ExtFlashSection,4
#        --keep video_SampleVideo2_216x216_bin_start --semihosting --entry
#        __iar_program_start --vfe --text_out locale --cpu=Cortex-M7
#        --fpu=VFPv5_d16) --dependencies=n
#        C:\TouchGFXProjects\VideoExample\EWARM\STM32H7B3I-DK\Exe\STM32H7B3I-DK.out.iar_deps
#
###############################################################################

*******************************************************************************
*** RUNTIME MODEL ATTRIBUTES
***

CppFlavor                     = *
__CPP_Exceptions              = Disabled
__CPP_Language                = C++14
__CPP_Library                 = DLib
__CPP_Runtime                 = 1
__Heap_Handler                = Basic
__SystemLibrary               = DLib
__dlib_dynamic_initialization = normal
__dlib_version                = 6


*******************************************************************************
*** HEAP SELECTION
***

The basic heap was selected because no calls to memory allocation
functions were found in the application outside of system library
functions, there are calls to deallocation functions in the
application, and the application appears to be primarily
optimized for speed.


*******************************************************************************
*** PLACEMENT SUMMARY
***

"A0":  place at address 0x800'0000 { ro section .intvec };
"P1":  place in [from 0x800'0000 to 0x81f'ffff] {
          ro, last section IntFlashSection };
define block CSTACK with size = 4K, alignment = 8 { };
define block HEAP with size = 4K, alignment = 8 { };
"P2":  place in [from 0x2400'0000 to 0x2403'ffff] {
          rw, block CSTACK, block HEAP };
"P3":  place in [from 0x2404'0000 to 0x240f'ffff] {
          first section TouchGFX_Framebuffer };
"P4":  place in [from 0x9000'0000 to 0x93ff'ffff] {
          section ExtFlashSection, section FontFlashSection,
          section TextFlashSection };
"P5":  place in [from 0xd000'0000 to 0xd07f'ffff] {
          first section Video_RGB_Buffer };
do not initialize { section .noinit, section Video_RGB_Buffer };
initialize by copy { rw };

No sections matched the following patterns:

  section IntFlashSection  in "P1"


  Section                 Kind         Address  Aligment       Size  Object
  -------                 ----         -------  --------       ----  ------
"A0":                                                         0x2ac
  .intvec                 ro code   0x800'0000         4      0x2ac  startup_stm32h7b3xxq.o [6]
                                  - 0x800'02ac                0x2ac

"P1":                                                      0x1'4d05
  .rodata                 const     0x800'02ac         4       0x14  ApplicationFontProvider.o [12]
  .rodata                 const     0x800'02c0         4       0x64  BitmapDatabase.o [15]
  .rodata                 const     0x800'0324         4       0x28  CortexMMCUInstrumentation.o [18]
  .rodata                 const     0x800'034c         4       0x54  FrontendApplication.o [11]
  .rodata                 const     0x800'03a0         4       0x24  FrontendApplicationBase.o [14]
  .rodata                 const     0x800'03c4         4       0x54  FrontendApplicationBase.o [14]
  .rodata                 const     0x800'0418         4       0x18  FrontendApplicationBase.o [14]
  .rodata                 const     0x800'0430         4       0x54  FrontendApplicationBase.o [14]
  .rodata                 const     0x800'0484         4       0x24  FrontendApplicationBase.o [14]
  .rodata                 const     0x800'04a8         4       0x90  FrontendApplicationBase.o [14]
  .rodata                 const     0x800'0538         4       0x64  FrontendApplicationBase.o [14]
  .rodata                 const     0x800'059c         4       0xa4  FrontendApplicationBase.o [14]
  .rodata                 const     0x800'0640         4       0xa4  FrontendApplicationBase.o [14]
  .rodata                 const     0x800'06e4         4       0x68  GeneratedFont.o [12]
  .rodata                 const     0x800'074c         4       0x44  HardwareMJPEGDecoder.o [13]
  .rodata                 const     0x800'0790         4       0xa0  HardwareMJPEGDecoder.o [13]
  .rodata                 const     0x800'0830         4        0xc  main.o [5]
  .rodata                 const     0x800'083c         4        0xc  main.o [5]
  .rodata                 const     0x800'0848         4        0xc  main.o [5]
  .rodata                 const     0x800'0854         4       0x6c  main.o [5]
  .rodata                 const     0x800'08c0         4       0x18  MainPresenter.o [16]
  .rodata                 const     0x800'08d8         4       0x10  MainPresenter.o [16]
  .rodata                 const     0x800'08e8         4       0x28  MainPresenter.o [16]
  .rodata                 const     0x800'0910         4       0x34  MainView.o [16]
  .rodata                 const     0x800'0944         4       0x34  MainViewBase.o [14]
  .rodata                 const     0x800'0978         4       0x34  MainViewBase.o [14]
  .rodata                 const     0x800'09ac         4       0x18  MainViewBase.o [14]
  .rodata                 const     0x800'09c4         4       0xd4  OSWrappers.o [13]
  .rodata                 const     0x800'0a98         4       0x50  STM32DMA.o [13]
  .rodata                 const     0x800'0ae8         4       0x1c  STM32DMA.o [13]
  .rodata                 const     0x800'0b04         4       0x48  STM32DMA.o [13]
  .rodata                 const     0x800'0b4c         4       0x1c  STM32DMA.o [13]
  .rodata                 const     0x800'0b68         4       0x48  STM32DMA.o [13]
  .rodata                 const     0x800'0bb0         4       0x48  STM32DMA.o [13]
  .rodata                 const     0x800'0bf8         4      0x1e8  stm32h7xx_hal_jpeg.o [9]
  .rodata                 const     0x800'0de0         4       0x40  stm32h7xx_hal_jpeg.o [9]
  .rodata                 const     0x800'0e20         4       0x18  STM32TouchController.o [18]
  .rodata                 const     0x800'0e38         4       0x10  TouchGFXConfiguration.o [13]
  .rodata                 const     0x800'0e48         4       0x14  TouchGFXConfiguration.o [13]
  .rodata                 const     0x800'0e5c         4       0x34  TouchGFXConfiguration.o [13]
  .rodata                 const     0x800'0e90         4       0x34  TouchGFXConfiguration.o [13]
  .rodata                 const     0x800'0ec4         4       0x34  TouchGFXConfiguration.o [13]
  .rodata                 const     0x800'0ef8         4       0x14  TouchGFXConfiguration.o [13]
  .rodata                 const     0x800'0f0c         4       0x38  TouchGFXGeneratedHAL.o [13]
  .rodata                 const     0x800'0f44         4       0x60  TouchGFXGeneratedHAL.o [13]
  .rodata                 const     0x800'0fa4         4       0xd8  TouchGFXGeneratedHAL.o [13]
  .rodata                 const     0x800'107c         4       0x44  TouchGFXGeneratedHAL.o [13]
  .rodata                 const     0x800'10c0         4       0x30  TouchGFXGeneratedHAL.o [13]
  .rodata                 const     0x800'10f0         4       0x60  TouchGFXGeneratedHAL.o [13]
  .rodata                 const     0x800'1150         4       0x3c  TouchGFXGeneratedHAL.o [13]
  .rodata                 const     0x800'118c         4       0x60  TouchGFXGeneratedHAL.o [13]
  .rodata                 const     0x800'11ec         4       0x14  TouchGFXGeneratedHAL.o [13]
  .rodata                 const     0x800'1200         4       0x60  TouchGFXGeneratedHAL.o [13]
  .rodata                 const     0x800'1260         4       0x14  TouchGFXGeneratedHAL.o [13]
  .rodata                 const     0x800'1274         4       0x60  TouchGFXGeneratedHAL.o [13]
  .rodata                 const     0x800'12d4         4       0x14  TouchGFXGeneratedHAL.o [13]
  .rodata                 const     0x800'12e8         4       0x60  TouchGFXGeneratedHAL.o [13]
  .rodata                 const     0x800'1348         4       0x14  TouchGFXGeneratedHAL.o [13]
  .rodata                 const     0x800'135c         4       0x60  TouchGFXGeneratedHAL.o [13]
  .rodata                 const     0x800'13bc         4       0x14  TouchGFXGeneratedHAL.o [13]
  .rodata                 const     0x800'13d0         4       0x60  TouchGFXGeneratedHAL.o [13]
  .rodata                 const     0x800'1430         4       0xd8  TouchGFXHAL.o [18]
  .rodata                 const     0x800'1508         4       0x28  Application.o [26]
  .rodata                 const     0x800'1530         4       0x54  Application.o [26]
  .rodata                 const     0x800'1584         4       0x10  Application.o [26]
  .rodata                 const     0x800'1594         4       0x54  Application.o [26]
  .rodata                 const     0x800'15e8         4       0x30  Application.o [26]
  .rodata                 const     0x800'1618         4       0x54  Application.o [26]
  .rodata                 const     0x800'166c         4       0x30  Application.o [26]
  .rodata                 const     0x800'169c         4       0x54  Application.o [26]
  .rodata                 const     0x800'16f0         4       0x10  Application.o [26]
  .rodata                 const     0x800'1700         4       0x54  Application.o [26]
  .rodata                 const     0x800'1754         4       0xb8  Application.o [26]
  .rodata                 const     0x800'180c         4      0x29c  HAL.o [26]
  .rodata                 const     0x800'1aa8         4       0x14  Screen.o [26]
  .rodata                 const     0x800'1abc         4       0x14  Screen.o [26]
  .rodata                 const     0x800'1ad0         4       0x14  Screen.o [26]
  .rodata                 const     0x800'1ae4         4       0x34  Screen.o [26]
  .rodata                 const     0x800'1b18         4       0x58  LCD24bpp.o [26]
  .rodata                 const     0x800'1b70         4       0x14  LCD24bpp.o [26]
  .rodata                 const     0x800'1b84         4       0x14  LCD24bpp.o [26]
  .rodata                 const     0x800'1b98         4       0x14  LCD24bpp.o [26]
  .rodata                 const     0x800'1bac         4       0x14  LCD24bpp.o [26]
  .rodata                 const     0x800'1bc0         4       0x14  LCD24bpp.o [26]
  .rodata                 const     0x800'1bd4         4       0x14  LCD24bpp.o [26]
  .rodata                 const     0x800'1be8         4       0x14  LCD24bpp.o [26]
  .rodata                 const     0x800'1bfc         4       0x14  LCD24bpp.o [26]
  .rodata                 const     0x800'1c10         4       0x14  LCD24bpp.o [26]
  .rodata                 const     0x800'1c24         4       0x14  LCD24bpp.o [26]
  .rodata                 const     0x800'1c38         4       0x14  LCD24bpp.o [26]
  .rodata                 const     0x800'1c4c         4       0x14  LCD24bpp.o [26]
  .rodata                 const     0x800'1c60         4       0x14  LCD24bpp.o [26]
  .rodata                 const     0x800'1c74         4       0x14  LCD24bpp.o [26]
  .rodata                 const     0x800'1c88         4       0x14  LCD24bpp.o [26]
  .rodata                 const     0x800'1c9c         4       0x14  LCD24bpp.o [26]
  .rodata                 const     0x800'1cb0         4       0x14  LCD24bpp.o [26]
  .rodata                 const     0x800'1cc4         4       0x14  LCD24bpp.o [26]
  .rodata                 const     0x800'1cd8         4       0x14  LCD24bpp.o [26]
  .rodata                 const     0x800'1cec         4       0x14  LCD24bpp.o [26]
  .rodata                 const     0x800'1d00         4       0x18  LCD24bpp.o [26]
  .rodata                 const     0x800'1d18         4       0x18  LCD24bpp.o [26]
  .rodata                 const     0x800'1d30         4       0x18  LCD24bpp.o [26]
  .rodata                 const     0x800'1d48         4       0x18  LCD24bpp.o [26]
  .rodata                 const     0x800'1d60         4      0x50c  LCD24bpp.o [26]
  .rodata                 const     0x800'226c         4       0x68  VideoWidget.o [26]
  .rodata                 const     0x800'22d4         4       0x6c  Image.o [26]
  .rodata                 const     0x800'2340         4       0x3c  Button.o [26]
  .rodata                 const     0x800'237c         4       0x50  Button.o [26]
  .rodata                 const     0x800'23cc         4       0x74  Button.o [26]
  .rodata                 const     0x800'2440         4       0x90  Container.o [26]
  .rodata                 const     0x800'24d0         4       0xf4  Container.o [26]
  .rodata                 const     0x800'25c4         4       0x40  Container.o [26]
  .rodata                 const     0x800'2604         4       0x70  AbstractButton.o [26]
  .rodata                 const     0x800'2674         4       0x68  Box.o [26]
  .rodata                 const     0x800'26dc         4       0x24  DMA.o [26]
  .rodata                 const     0x800'2700         4       0xd4  DMA.o [26]
  .rodata                 const     0x800'27d4         4       0x14  VectorFontRendererImpl.o [26]
  .rodata                 const     0x800'27e8         4      0x59c  Bitmap.o [26]
  .text                   ro code   0x800'2d84         4        0xc  BitmapDatabase.o [15]
  .text                   ro code   0x800'2d90         4      0x46a  cmsis_os2.o [7]
  .text                   ro code   0x800'31fa         2        0x2  FrontendApplicationBase.o [14]
  .text                   ro code   0x800'31fc         4      0x9bc  tasks.o [7]
  .text                   ro code   0x800'3bb8         4      0x1e4  port.o [7]
  .text                   ro code   0x800'3d9c         4      0xb4c  queue.o [7]
  .text                   ro code   0x800'48e8         4      0x1bc  heap_4.o [7]
  .text                   ro code   0x800'4aa4         4       0x3a  ABImemset48.o [24]
  .text                   ro code   0x800'4ade         2       0x9c  list.o [7]
  .text                   ro code   0x800'4b7a         2        0x2  FrontendApplicationBase.o [14]
  .text                   ro code   0x800'4b7c         4       0x14  cmsis_os2.o [7]
  .text                   ro code   0x800'4b90         4      0x3a4  timers.o [7]
  .text                   ro code   0x800'4f34         4        0xc  freertos.o [5]
  .text                   ro code   0x800'4f40         4       0x30  port.o [7]
  CODE                    ro code   0x800'4f70         4       0xb0  portasm.o [7]
  .text                   ro code   0x800'5020         4       0xa6  ABImemcpy.o [24]
  .text                   ro code   0x800'50c6         2        0x2  FrontendApplicationBase.o [14]
  .text                   ro code   0x800'50c8         4       0x18  cmsis_os2.o [7]
  .text                   ro code   0x800'50e0         4       0x5e  CortexMMCUInstrumentation.o [18]
  .text                   ro code   0x800'513e         2        0x2  FrontendApplicationBase.o [14]
  .text                   ro code   0x800'5140         4       0x14  FrontendApplication.o [11]
  .text                   ro code   0x800'5154         4       0xf4  FrontendApplicationBase.o [14]
  .text                   ro code   0x800'5248         4     0x11fc  Application.o [26]
  LCD24bpp_enableTextureMapperAll
                          ro code   0x800'6444         2       0x24  LCD24bpp.o [26]
  LCD24bpp_enableDecompressorL8_All
                          ro code   0x800'6468         2       0x18  LCD24bpp.o [26]
  LCD24bpp_enableDecompressorRGB
                          ro code   0x800'6480         4       0x20  LCD24bpp.o [26]
  .text                   ro code   0x800'64a0         4      0x144  FrontendApplicationBase.o [14]
  .text                   ro code   0x800'65e4         2       0x14  memset.o [24]
  .text                   ro code   0x800'65f8         4       0x1c  Application.o [26]
  .text                   ro code   0x800'6614         2       0x10  TouchGFXConfiguration.o [13]
  .text                   ro code   0x800'6624         4       0xc4  stm32_crc_lock.o [26]
  .text                   ro code   0x800'66e8         4      0x54c  Screen.o [26]
  .text                   ro code   0x800'6c34         2       0x4e  Application.o [26]
  .text                   ro code   0x800'6c82         2       0x18  Application.o [26]
  .text                   ro code   0x800'6c9a         2       0x88  Application.o [26]
  .text                   ro code   0x800'6d22         2        0x2  FrontendApplicationBase.o [14]
  .text                   ro code   0x800'6d24         4       0x4c  Application.o [26]
  .text                   ro code   0x800'6d70         2       0x52  Application.o [26]
  .text                   ro code   0x800'6dc2         2       0x44  Application.o [26]
  .text                   ro code   0x800'6e06         2        0x6  FrontendApplicationBase.o [14]
  .text                   ro code   0x800'6e0c         4       0x4c  Application.o [26]
  .text                   ro code   0x800'6e58         4       0x24  ABIassert.o [25]
  .text                   ro code   0x800'6e7c         4       0xbc  DisplayTransformation.o [26]
  .text                   ro code   0x800'6f38         4        0x6  ABImemclr4.o [24]
  LCD24bpp_enableTextureMapperA4
                          ro code   0x800'6f3e         2       0x12  LCD24bpp.o [26]
  LCD24bpp_enableTextureMapperARGB8888
                          ro code   0x800'6f50         2       0x12  LCD24bpp.o [26]
  LCD24bpp_enableTextureMapperL8_ARGB8888
                          ro code   0x800'6f62         2       0x12  LCD24bpp.o [26]
  LCD24bpp_enableTextureMapperL8_RGB888
                          ro code   0x800'6f74         2       0x12  LCD24bpp.o [26]
  LCD24bpp_enableTextureMapperRGB888
                          ro code   0x800'6f86         2       0x12  LCD24bpp.o [26]
  LCD24bpp_enableDecompressorL8_L4
                          ro code   0x800'6f98         4       0x14  LCD24bpp.o [26]
  LCD24bpp_enableDecompressorL8_RLE
                          ro code   0x800'6fac         4       0x14  LCD24bpp.o [26]
  LCD24bpp_enableDecompressorL8_LZW9
                          ro code   0x800'6fc0         4       0x20  LCD24bpp.o [26]
  .text                   ro code   0x800'6fe0         4       0x1a  MainView.o [16]
  .text                   ro code   0x800'6ffa         2        0x2  MainPresenter.o [16]
  .text                   ro code   0x800'6ffc         4       0x34  MainPresenter.o [16]
  .text                   ro code   0x800'7030         4       0x66  ABImemset.o [24]
  .text                   ro code   0x800'7096         2       0x26  cxxabi.o [22]
  .text                   ro code   0x800'70bc         4       0x38  Screen.o [26]
  .text                   ro code   0x800'70f4         2       0x86  HAL.o [26]
  .text                   ro code   0x800'717a         2        0x2  MainPresenter.o [16]
  .text                   ro code   0x800'717c         4      0x124  Drawable.o [26]
  .text                   ro code   0x800'72a0         4      0x3cc  Container.o [26]
  .text                   ro code   0x800'766c         2       0x14  Application.o [26]
  .text                   ro code   0x800'7680         2       0x42  Screen.o [26]
  .text                   ro code   0x800'76c2         2       0x28  Screen.o [26]
  .text                   ro code   0x800'76ea         2       0x28  Screen.o [26]
  .text                   ro code   0x800'7712         2        0x2  MainPresenter.o [16]
  .text                   ro code   0x800'7714         4       0x1c  Screen.o [26]
  .text                   ro code   0x800'7730         4       0x20  Screen.o [26]
  .text                   ro code   0x800'7750         4       0x1c  Screen.o [26]
  .text                   ro code   0x800'776c         2        0x6  abort.o [20]
  .text                   ro code   0x800'7772         2        0x2  MainPresenter.o [16]
  LCD24bpp_enableTextureMapperA4_BilinearInterpolation
                          ro code   0x800'7774         4       0x20  LCD24bpp.o [26]
  LCD24bpp_enableTextureMapperA4_NearestNeighbor
                          ro code   0x800'7794         4       0x20  LCD24bpp.o [26]
  LCD24bpp_enableTextureMapperARGB8888_BilinearInterpolation
                          ro code   0x800'77b4         4       0x20  LCD24bpp.o [26]
  LCD24bpp_enableTextureMapperARGB8888_NearestNeighbor
                          ro code   0x800'77d4         4       0x20  LCD24bpp.o [26]
  LCD24bpp_enableTextureMapperL8_ARGB8888_BilinearInterpolation
                          ro code   0x800'77f4         4       0x20  LCD24bpp.o [26]
  LCD24bpp_enableTextureMapperL8_ARGB8888_NearestNeighbor
                          ro code   0x800'7814         4       0x20  LCD24bpp.o [26]
  LCD24bpp_enableTextureMapperL8_RGB888_BilinearInterpolation
                          ro code   0x800'7834         4       0x20  LCD24bpp.o [26]
  LCD24bpp_enableTextureMapperL8_RGB888_NearestNeighbor
                          ro code   0x800'7854         4       0x20  LCD24bpp.o [26]
  LCD24bpp_enableTextureMapperRGB888_BilinearInterpolation
                          ro code   0x800'7874         4       0x20  LCD24bpp.o [26]
  LCD24bpp_enableTextureMapperRGB888_NearestNeighbor
                          ro code   0x800'7894         4       0x20  LCD24bpp.o [26]
  .text                   ro code   0x800'78b4         4      0x1b4  MainViewBase.o [14]
  .text                   ro code   0x800'7a68         2       0x30  Container.o [26]
  .text                   ro code   0x800'7a98         4       0x14  exit.o [25]
  .text                   ro code   0x800'7aac         4       0x28  MainViewBase.o [14]
  .text                   ro code   0x800'7ad4         4       0x34  MainViewBase.o [14]
  .text                   ro code   0x800'7b08         4      0x26c  VideoWidget.o [26]
  .text                   ro code   0x800'7d74         4       0x40  MainViewBase.o [14]
  .text                   ro code   0x800'7db4         2       0x26  MainViewBase.o [14]
  .text                   ro code   0x800'7dda         2       0x1a  MainViewBase.o [14]
  .text                   ro code   0x800'7df4         4       0xf0  Image.o [26]
  .text                   ro code   0x800'7ee4         4      0x12c  Button.o [26]
  .text                   ro code   0x800'8010         2       0x2a  MainViewBase.o [14]
  .text                   ro code   0x800'803a         2        0x2  MainView.o [16]
  .text                   ro code   0x800'803c         4      0x230  TouchGFXGeneratedHAL.o [13]
  .text                   ro code   0x800'826c         4      0x4a0  Bitmap.o [26]
  .text                   ro code   0x800'870c         4      0x768  HardwareMJPEGDecoder.o [13]
  .text                   ro code   0x800'8e74         4       0x58  TouchGFXGeneratedHAL.o [13]
  .text                   ro code   0x800'8ecc         4      0x7a8  HAL.o [26]
  .text                   ro code   0x800'9674         2       0xbc  TouchGFXGeneratedHAL.o [13]
  .text                   ro code   0x800'9730         4      0x348  stm32h7xx_hal_ltdc.o [9]
  .text                   ro code   0x800'9a78         4       0x9c  OSWrappers.o [13]
  .text                   ro code   0x800'9b14         4      0x138  TouchGFXGPIO.o [18]
  .text                   ro code   0x800'9c4c         2       0x2a  strncmp.o [20]
  .text                   ro code   0x800'9c76         2       0x20  HardwareMJPEGDecoder.o [13]
  .text                   ro code   0x800'9c96         2       0x3e  HardwareMJPEGDecoder.o [13]
  .text                   ro code   0x800'9cd4         4     0x10aa  stm32h7xx_hal_jpeg.o [9]
  .text                   ro code   0x800'ad7e         2        0x2  MainView.o [16]
  .text                   ro code   0x800'ad80         4      0x160  Gestures.o [26]
  .text                   ro code   0x800'aee0         4      0x22a  DMA.o [26]
  .text                   ro code   0x800'b10a         2        0x2  MainView.o [16]
  .text                   ro code   0x800'b10c         4       0x24  HAL.o [26]
  .text                   ro code   0x800'b130         4      0x20c  TouchCalibration.o [26]
  .text                   ro code   0x800'b33c         4      0x520  stm32h7xx_hal_msp.o [5]
  .text                   ro code   0x800'b85c         2        0x2  stm32h7xx_hal_ltdc.o [9]
  .text                   ro code   0x800'b85e         2        0x2  stm32h7xx_hal_ltdc.o [9]
  .text                   ro code   0x800'b860         4      0x384  stm32h7xx_hal_gpio.o [9]
  .text                   ro code   0x800'bbe4         4      0x468  stm32h7xx_hal_mdma.o [9]
  .text                   ro code   0x800'c04c         2        0x2  stm32h7xx_hal_jpeg.o [9]
  .text                   ro code   0x800'c04e         2        0xc  memcpy.o [24]
  .text                   ro code   0x800'c05a         2        0x2  MainViewBase.o [14]
  .text                   ro code   0x800'c05c         4      0x134  stm32h7xx_hal_cortex.o [9]
  .text                   ro code   0x800'c190         4      0xa70  stm32h7xx_hal_rcc_ex.o [9]
  .text                   ro code   0x800'cc00         4      0x6a2  main.o [5]
  .text                   ro code   0x800'd2a2         2        0x2  stm32h7xx_hal_gpio.o [9]
  .text                   ro code   0x800'd2a4         4        0xc  stm32h7xx_hal.o [9]
  .text                   ro code   0x800'd2b0         4       0x5c  stm32h7xx_hal.o [9]
  .text                   ro code   0x800'd30c         4      0x270  stm32h7xx_hal_dma2d.o [9]
  .text                   ro code   0x800'd57c         4      0x714  stm32h7xx_hal_i2c.o [9]
  .text                   ro code   0x800'dc90         4       0x9c  stm32h7xx_hal_i2c_ex.o [9]
  .text                   ro code   0x800'dd2c         4      0x908  stm32h7xx_hal_ospi.o [9]
  .text                   ro code   0x800'e634         4      0x668  stm32h7b3i_discovery_ospi.o [8]
  .text                   ro code   0x800'ec9c         4       0xb8  stm32h7xx_hal_sdram.o [9]
  .text                   ro code   0x800'ed54         4       0x78  stm32h7xx_hal_crc.o [9]
  .text                   ro code   0x800'edcc         2       0x14  app_touchgfx.o [2]
  .text                   ro code   0x800'ede0         4       0x28  stm32h7xx_hal.o [9]
  .text                   ro code   0x800'ee08         4       0x78  stm32h7xx_hal_pwr_ex.o [9]
  .text                   ro code   0x800'ee80         4      0x500  stm32h7xx_hal_rcc.o [9]
  .text                   ro code   0x800'f380         4      0x430  stm32h7xx_hal_rcc.o [9]
  .text                   ro code   0x800'f7b0         4       0x10  stm32h7xx_hal.o [9]
  .text                   ro code   0x800'f7c0         4       0x94  stm32h7xx_hal_timebase_tim.o [5]
  .text                   ro code   0x800'f854         2        0x2  stm32h7xx_hal_dma2d.o [9]
  .text                   ro code   0x800'f856         2        0x2  stm32h7xx_hal_dma2d.o [9]
  .text                   ro code   0x800'f858         2        0x2  stm32h7xx_hal_ospi.o [9]
  .text                   ro code   0x800'f85a         2        0x2  stm32h7xx_hal_ospi.o [9]
  .text                   ro code   0x800'f85c         2        0x2  stm32h7xx_hal_ospi.o [9]
  .text                   ro code   0x800'f85e         2        0x2  stm32h7xx_hal_ospi.o [9]
  .text                   ro code   0x800'f860         2        0x2  stm32h7xx_hal_ospi.o [9]
  .text                   ro code   0x800'f862         2        0x2  stm32h7xx_hal_ospi.o [9]
  .text                   ro code   0x800'f864         2        0x2  stm32h7xx_hal_ospi.o [9]
  .text                   ro code   0x800'f866         2        0x2  stm32h7xx_hal_ospi.o [9]
  .text                   ro code   0x800'f868         2      0x620  mx25lm51245g.o [4]
  .text                   ro code   0x800'fe88         4       0x4c  stm32h7b3i_discovery_ospi.o [8]
  .text                   ro code   0x800'fed4         4      0x12e  stm32h7xx_ll_fmc.o [9]
  .text                   ro code   0x801'0002         2       0x54  stm32h7xx_hal_crc_ex.o [9]
  .text                   ro code   0x801'0056         2        0x2  MainViewBase.o [14]
  .text                   ro code   0x801'0058         4       0xac  TouchGFXConfiguration.o [13]
  .text                   ro code   0x801'0104         4      0x338  stm32h7xx_hal_tim.o [9]
  .text                   ro code   0x801'043c         4      0x428  STM32DMA.o [13]
  .text                   ro code   0x801'0864         4     0x2cb4  LCD24bpp.o [26]
  .text                   ro code   0x801'3518         4       0x20  VectorFontRendererImpl.o [26]
  .text                   ro code   0x801'3538         4       0x34  TouchGFXConfiguration.o [13]
  .text                   ro code   0x801'356c         4       0x64  Texts.o [19]
  .text                   ro code   0x801'35d0         4        0xc  FontManager.o [26]
  .text                   ro code   0x801'35dc         4       0x84  TouchGFXConfiguration.o [13]
  .text                   ro code   0x801'3660         4       0xf4  TouchGFXHAL.o [18]
  .text                   ro code   0x801'3754         2        0x2  stm32h7xx_hal_tim.o [9]
  .text                   ro code   0x801'3756         2        0x2  stm32h7xx_hal_tim.o [9]
  .text                   ro code   0x801'3758         2        0x2  stm32h7xx_hal_tim.o [9]
  .text                   ro code   0x801'375a         2        0x2  stm32h7xx_hal_tim.o [9]
  .text                   ro code   0x801'375c         2        0x2  stm32h7xx_hal_tim_ex.o [9]
  .text                   ro code   0x801'375e         2        0x2  stm32h7xx_hal_tim_ex.o [9]
  .text                   ro code   0x801'3760         2        0x2  stm32h7xx_hal_tim.o [9]
  .text                   ro code   0x801'3762         2        0x2  stm32h7xx_hal_tim_ex.o [9]
  .text                   ro code   0x801'3764         4       0x3c  STM32DMA.o [13]
  .text                   ro code   0x801'37a0         4       0xe8  TouchGFXConfiguration.o [13]
  .text                   ro code   0x801'3888         4       0x14  TouchGFXConfiguration.o [13]
  .text                   ro code   0x801'389c         4       0x24  TypedTextDatabase.o [19]
  .text                   ro code   0x801'38c0         4        0x8  AbstractPartition.o [26]
  .text                   ro code   0x801'38c8         4        0xa  Model.o [17]
  .text                   ro code   0x801'38d2         2        0x2  MainViewBase.o [14]
  .text                   ro code   0x801'38d4         4       0x58  Table_verdana_20_4bpp.o [12]
  .text                   ro code   0x801'392c         4       0x58  Table_verdana_40_4bpp.o [12]
  .text                   ro code   0x801'3984         4       0x58  Table_verdana_10_4bpp.o [12]
  .text                   ro code   0x801'39dc         4       0x7c  GeneratedFont.o [12]
  .text                   ro code   0x801'3a58         2       0x8c  ConstFont.o [26]
  .text                   ro code   0x801'3ae4         4      0x204  ft5336.o [4]
  .text                   ro code   0x801'3ce8         2       0xb6  ft5336_reg.o [4]
  .text                   ro code   0x801'3d9e         2        0x6  STM32DMA.o [13]
  .text                   ro code   0x801'3da4         4       0x10  startup_stm32h7b3xxq.o [6]
  .text                   ro code   0x801'3db4         4       0x90  STM32DMA.o [13]
  .text                   ro code   0x801'3e44         4       0x6c  STM32DMA.o [13]
  .text                   ro code   0x801'3eb0         4      0x33c  stm32h7b3i_discovery_bus.o [8]
  .text                   ro code   0x801'41ec         2       0x38  stm32h7b3i_discovery_bus.o [8]
  .text                   ro code   0x801'4224         4      0x194  stm32h7b3i_discovery_ts.o [8]
  .text                   ro code   0x801'43b8         4       0x60  stm32h7xx_it.o [5]
  .text                   ro code   0x801'4418         4       0x68  STM32TouchController.o [18]
  .text                   ro code   0x801'4480         4       0x90  system_stm32h7xx.o [3]
  .text                   ro code   0x801'4510         4       0x48  TouchGFXGeneratedHAL.o [13]
  .text                   ro code   0x801'4558         4       0x10  TouchGFXGeneratedHAL.o [13]
  .text                   ro code   0x801'4568         4       0x4c  TouchGFXGeneratedHAL.o [13]
  .text                   ro code   0x801'45b4         4       0x94  TouchGFXGeneratedHAL.o [13]
  .text                   ro code   0x801'4648         2       0x2c  TouchGFXGeneratedHAL.o [13]
  .text                   ro code   0x801'4674         4       0x3c  TouchGFXGeneratedHAL.o [13]
  .text                   ro code   0x801'46b0         4       0x44  TouchGFXGeneratedHAL.o [13]
  .text                   ro code   0x801'46f4         4       0xa0  TouchGFXGeneratedHAL.o [13]
  .text                   ro code   0x801'4794         4       0x78  TouchGFXGeneratedHAL.o [13]
  .text                   ro code   0x801'480c         4       0x34  TouchGFXGeneratedHAL.o [13]
  .text                   ro code   0x801'4840         4       0x64  Box.o [26]
  .text                   ro code   0x801'48a4         4       0x1c  cstartup_M.o [24]
  .text                   ro code   0x801'48c0         4       0x22  fpinit_M.o [23]
  .text                   ro code   0x801'48e2         2        0x6  STM32DMA.o [13]
  .text                   ro code   0x801'48e8         4       0x1e  cmain.o [24]
  .text                   ro code   0x801'4906         2        0x4  low_level_init.o [20]
  .text                   ro code   0x801'490a         2        0x6  TouchGFXConfiguration.o [13]
  .text                   ro code   0x801'4910         4       0x2a  data_init.o [24]
  .text                   ro code   0x801'493a         2        0x4  exit.o [20]
  .text                   ro code   0x801'493e         2        0x2  TouchGFXGeneratedHAL.o [13]
  .text                   ro code   0x801'4940         4        0xa  cexit.o [24]
  .text                   ro code   0x801'494a         2        0x2  TouchGFXGeneratedHAL.o [13]
  .text                   ro code   0x801'494c         4       0x18  cppinit.o [20]
  .text                   ro code   0x801'4964         4       0x20  cmain_call_ctors.o [24]
  FontSearchFlashSection  const     0x801'4984         4        0x4  Kerning_verdana_10_4bpp.o [12]
  FontSearchFlashSection  const     0x801'4988         4        0x4  Kerning_verdana_20_4bpp.o [12]
  FontSearchFlashSection  const     0x801'498c         4        0x4  Kerning_verdana_40_4bpp.o [12]
  FontSearchFlashSection  const     0x801'4990         4        0x4  Table_verdana_10_4bpp.o [12]
  FontSearchFlashSection  const     0x801'4994         4        0x4  Table_verdana_20_4bpp.o [12]
  FontSearchFlashSection  const     0x801'4998         4        0x4  Table_verdana_40_4bpp.o [12]
  SHT$$PREINIT_ARRAY                0x801'499c                  0x0  <Block>
  SHT$$INIT_ARRAY                   0x801'499c                  0xc  <Block>
    .init_array           const     0x801'499c         4        0x4  TouchGFXConfiguration.o [13]
    .init_array           const     0x801'49a0         4        0x4  TouchGFXGeneratedHAL.o [13]
    .init_array           const     0x801'49a4         4        0x4  TypedTextDatabase.o [19]
  __iar_tls$$INIT_ARRAY             0x801'49a8                  0x0  <Block>
  .text                   ro code   0x801'49a8         2        0x4  CortexMMCUInstrumentation.o [18]
  .text                   ro code   0x801'49ac         2        0x4  CortexMMCUInstrumentation.o [18]
  .text                   ro code   0x801'49b0         2       0x24  FrontendApplication.o [11]
  .text                   ro code   0x801'49d4         2       0x16  FrontendApplication.o [11]
  .text                   ro code   0x801'49ea         2       0x1c  FrontendApplicationBase.o [14]
  .text                   ro code   0x801'4a06         2       0x20  FrontendApplicationBase.o [14]
  .text                   ro code   0x801'4a26         2       0x10  FrontendApplicationBase.o [14]
  .text                   ro code   0x801'4a36         2        0x4  FrontendApplicationBase.o [14]
  .text                   ro code   0x801'4a3a         2        0x4  HardwareMJPEGDecoder.o [13]
  .text                   ro code   0x801'4a3e         2        0xc  MainView.o [16]
  .text                   ro code   0x801'4a4a         2       0x1c  MainViewBase.o [14]
  .text                   ro code   0x801'4a66         2       0x20  MainViewBase.o [14]
  .text                   ro code   0x801'4a86         2        0x4  startup_stm32h7b3xxq.o [6]
  .text                   ro code   0x801'4a8a         2        0x4  startup_stm32h7b3xxq.o [6]
  .text                   ro code   0x801'4a8e         2        0x4  startup_stm32h7b3xxq.o [6]
  .text                   ro code   0x801'4a92         2        0x4  startup_stm32h7b3xxq.o [6]
  .text                   ro code   0x801'4a96         2        0x4  startup_stm32h7b3xxq.o [6]
  .text                   ro code   0x801'4a9a         2        0x4  startup_stm32h7b3xxq.o [6]
  .text                   ro code   0x801'4a9e         2        0x4  startup_stm32h7b3xxq.o [6]
  .text                   ro code   0x801'4aa2         2        0x4  startup_stm32h7b3xxq.o [6]
  .text                   ro code   0x801'4aa6         2        0x4  startup_stm32h7b3xxq.o [6]
  .text                   ro code   0x801'4aaa         2        0x4  startup_stm32h7b3xxq.o [6]
  .text                   ro code   0x801'4aae         2        0x4  startup_stm32h7b3xxq.o [6]
  .text                   ro code   0x801'4ab2         2        0x4  startup_stm32h7b3xxq.o [6]
  .text                   ro code   0x801'4ab6         2        0x4  startup_stm32h7b3xxq.o [6]
  .text                   ro code   0x801'4aba         2        0x4  startup_stm32h7b3xxq.o [6]
  .text                   ro code   0x801'4abe         2        0x4  startup_stm32h7b3xxq.o [6]
  .text                   ro code   0x801'4ac2         2        0x4  startup_stm32h7b3xxq.o [6]
  .text                   ro code   0x801'4ac6         2        0x4  startup_stm32h7b3xxq.o [6]
  .text                   ro code   0x801'4aca         2        0x4  startup_stm32h7b3xxq.o [6]
  .text                   ro code   0x801'4ace         2        0x4  startup_stm32h7b3xxq.o [6]
  .text                   ro code   0x801'4ad2         2        0x4  startup_stm32h7b3xxq.o [6]
  .text                   ro code   0x801'4ad6         2        0x4  startup_stm32h7b3xxq.o [6]
  .text                   ro code   0x801'4ada         2        0x4  startup_stm32h7b3xxq.o [6]
  .text                   ro code   0x801'4ade         2        0x4  startup_stm32h7b3xxq.o [6]
  .text                   ro code   0x801'4ae2         2        0x4  startup_stm32h7b3xxq.o [6]
  .text                   ro code   0x801'4ae6         2        0x4  startup_stm32h7b3xxq.o [6]
  .text                   ro code   0x801'4aea         2        0x4  startup_stm32h7b3xxq.o [6]
  .text                   ro code   0x801'4aee         2        0x4  startup_stm32h7b3xxq.o [6]
  .text                   ro code   0x801'4af2         2        0x4  startup_stm32h7b3xxq.o [6]
  .text                   ro code   0x801'4af6         2        0x4  startup_stm32h7b3xxq.o [6]
  .text                   ro code   0x801'4afa         2        0x4  startup_stm32h7b3xxq.o [6]
  .text                   ro code   0x801'4afe         2        0x4  startup_stm32h7b3xxq.o [6]
  .text                   ro code   0x801'4b02         2        0x4  startup_stm32h7b3xxq.o [6]
  .text                   ro code   0x801'4b06         2        0x4  startup_stm32h7b3xxq.o [6]
  .text                   ro code   0x801'4b0a         2        0x4  startup_stm32h7b3xxq.o [6]
  .text                   ro code   0x801'4b0e         2        0x4  startup_stm32h7b3xxq.o [6]
  .text                   ro code   0x801'4b12         2        0x4  startup_stm32h7b3xxq.o [6]
  .text                   ro code   0x801'4b16         2        0x4  startup_stm32h7b3xxq.o [6]
  .text                   ro code   0x801'4b1a         2        0x4  startup_stm32h7b3xxq.o [6]
  .text                   ro code   0x801'4b1e         2        0x4  startup_stm32h7b3xxq.o [6]
  .text                   ro code   0x801'4b22         2        0x4  startup_stm32h7b3xxq.o [6]
  .text                   ro code   0x801'4b26         2        0x4  startup_stm32h7b3xxq.o [6]
  .text                   ro code   0x801'4b2a         2        0x4  startup_stm32h7b3xxq.o [6]
  .text                   ro code   0x801'4b2e         2        0x4  startup_stm32h7b3xxq.o [6]
  .text                   ro code   0x801'4b32         2        0x4  startup_stm32h7b3xxq.o [6]
  .text                   ro code   0x801'4b36         2        0x4  startup_stm32h7b3xxq.o [6]
  .text                   ro code   0x801'4b3a         2        0x4  startup_stm32h7b3xxq.o [6]
  .text                   ro code   0x801'4b3e         2        0x4  startup_stm32h7b3xxq.o [6]
  .text                   ro code   0x801'4b42         2        0x4  startup_stm32h7b3xxq.o [6]
  .text                   ro code   0x801'4b46         2        0x4  startup_stm32h7b3xxq.o [6]
  .text                   ro code   0x801'4b4a         2        0x4  startup_stm32h7b3xxq.o [6]
  .text                   ro code   0x801'4b4e         2        0x4  startup_stm32h7b3xxq.o [6]
  .text                   ro code   0x801'4b52         2        0x4  startup_stm32h7b3xxq.o [6]
  .text                   ro code   0x801'4b56         2        0x4  startup_stm32h7b3xxq.o [6]
  .text                   ro code   0x801'4b5a         2        0x4  startup_stm32h7b3xxq.o [6]
  .text                   ro code   0x801'4b5e         2        0x4  startup_stm32h7b3xxq.o [6]
  .text                   ro code   0x801'4b62         2        0x4  startup_stm32h7b3xxq.o [6]
  .text                   ro code   0x801'4b66         2        0x4  startup_stm32h7b3xxq.o [6]
  .text                   ro code   0x801'4b6a         2        0x4  startup_stm32h7b3xxq.o [6]
  .text                   ro code   0x801'4b6e         2        0x4  startup_stm32h7b3xxq.o [6]
  .text                   ro code   0x801'4b72         2        0x4  startup_stm32h7b3xxq.o [6]
  .text                   ro code   0x801'4b76         2        0x4  startup_stm32h7b3xxq.o [6]
  .text                   ro code   0x801'4b7a         2        0x4  startup_stm32h7b3xxq.o [6]
  .text                   ro code   0x801'4b7e         2        0x4  startup_stm32h7b3xxq.o [6]
  .text                   ro code   0x801'4b82         2        0x4  startup_stm32h7b3xxq.o [6]
  .text                   ro code   0x801'4b86         2        0x4  startup_stm32h7b3xxq.o [6]
  .text                   ro code   0x801'4b8a         2        0x4  startup_stm32h7b3xxq.o [6]
  .text                   ro code   0x801'4b8e         2        0x4  startup_stm32h7b3xxq.o [6]
  .text                   ro code   0x801'4b92         2        0x4  startup_stm32h7b3xxq.o [6]
  .text                   ro code   0x801'4b96         2        0x4  startup_stm32h7b3xxq.o [6]
  .text                   ro code   0x801'4b9a         2        0x4  startup_stm32h7b3xxq.o [6]
  .text                   ro code   0x801'4b9e         2        0x4  startup_stm32h7b3xxq.o [6]
  .text                   ro code   0x801'4ba2         2        0x4  startup_stm32h7b3xxq.o [6]
  .text                   ro code   0x801'4ba6         2        0x4  startup_stm32h7b3xxq.o [6]
  .text                   ro code   0x801'4baa         2        0x4  startup_stm32h7b3xxq.o [6]
  .text                   ro code   0x801'4bae         2        0x4  startup_stm32h7b3xxq.o [6]
  .text                   ro code   0x801'4bb2         2        0x4  startup_stm32h7b3xxq.o [6]
  .text                   ro code   0x801'4bb6         2        0x4  startup_stm32h7b3xxq.o [6]
  .text                   ro code   0x801'4bba         2        0x4  startup_stm32h7b3xxq.o [6]
  .text                   ro code   0x801'4bbe         2        0x4  startup_stm32h7b3xxq.o [6]
  .text                   ro code   0x801'4bc2         2        0x4  startup_stm32h7b3xxq.o [6]
  .text                   ro code   0x801'4bc6         2        0x4  startup_stm32h7b3xxq.o [6]
  .text                   ro code   0x801'4bca         2        0x4  startup_stm32h7b3xxq.o [6]
  .text                   ro code   0x801'4bce         2        0x4  startup_stm32h7b3xxq.o [6]
  .text                   ro code   0x801'4bd2         2        0x4  startup_stm32h7b3xxq.o [6]
  .text                   ro code   0x801'4bd6         2        0x4  startup_stm32h7b3xxq.o [6]
  .text                   ro code   0x801'4bda         2        0x4  startup_stm32h7b3xxq.o [6]
  .text                   ro code   0x801'4bde         2        0x4  startup_stm32h7b3xxq.o [6]
  .text                   ro code   0x801'4be2         2        0x4  startup_stm32h7b3xxq.o [6]
  .text                   ro code   0x801'4be6         2        0x4  startup_stm32h7b3xxq.o [6]
  .text                   ro code   0x801'4bea         2        0x4  startup_stm32h7b3xxq.o [6]
  .text                   ro code   0x801'4bee         2        0x4  startup_stm32h7b3xxq.o [6]
  .text                   ro code   0x801'4bf2         2        0x4  startup_stm32h7b3xxq.o [6]
  .text                   ro code   0x801'4bf6         2        0x4  startup_stm32h7b3xxq.o [6]
  .text                   ro code   0x801'4bfa         2        0x4  startup_stm32h7b3xxq.o [6]
  .text                   ro code   0x801'4bfe         2        0x4  startup_stm32h7b3xxq.o [6]
  .text                   ro code   0x801'4c02         2        0x4  startup_stm32h7b3xxq.o [6]
  .text                   ro code   0x801'4c06         2        0x4  startup_stm32h7b3xxq.o [6]
  .text                   ro code   0x801'4c0a         2        0x4  startup_stm32h7b3xxq.o [6]
  .text                   ro code   0x801'4c0e         2        0x4  startup_stm32h7b3xxq.o [6]
  .text                   ro code   0x801'4c12         2        0x4  startup_stm32h7b3xxq.o [6]
  .text                   ro code   0x801'4c16         2        0x4  startup_stm32h7b3xxq.o [6]
  .text                   ro code   0x801'4c1a         2        0x4  startup_stm32h7b3xxq.o [6]
  .text                   ro code   0x801'4c1e         2        0x4  startup_stm32h7b3xxq.o [6]
  .text                   ro code   0x801'4c22         2        0x4  startup_stm32h7b3xxq.o [6]
  .text                   ro code   0x801'4c26         2        0x4  startup_stm32h7b3xxq.o [6]
  .text                   ro code   0x801'4c2a         2        0x4  startup_stm32h7b3xxq.o [6]
  .text                   ro code   0x801'4c2e         2        0x4  startup_stm32h7b3xxq.o [6]
  .text                   ro code   0x801'4c32         2        0x4  startup_stm32h7b3xxq.o [6]
  .text                   ro code   0x801'4c36         2        0x4  startup_stm32h7b3xxq.o [6]
  .text                   ro code   0x801'4c3a         2        0x4  startup_stm32h7b3xxq.o [6]
  .text                   ro code   0x801'4c3e         2        0x4  startup_stm32h7b3xxq.o [6]
  .text                   ro code   0x801'4c42         2        0x4  startup_stm32h7b3xxq.o [6]
  .text                   ro code   0x801'4c46         2        0x4  startup_stm32h7b3xxq.o [6]
  .text                   ro code   0x801'4c4a         2        0x4  startup_stm32h7b3xxq.o [6]
  .text                   ro code   0x801'4c4e         2        0x4  startup_stm32h7b3xxq.o [6]
  .text                   ro code   0x801'4c52         2        0x4  startup_stm32h7b3xxq.o [6]
  .text                   ro code   0x801'4c56         2        0x4  startup_stm32h7b3xxq.o [6]
  .text                   ro code   0x801'4c5a         2        0x4  startup_stm32h7b3xxq.o [6]
  .text                   ro code   0x801'4c5e         2        0x4  startup_stm32h7b3xxq.o [6]
  .text                   ro code   0x801'4c62         2        0x4  startup_stm32h7b3xxq.o [6]
  .text                   ro code   0x801'4c66         2        0x4  startup_stm32h7b3xxq.o [6]
  .text                   ro code   0x801'4c6a         2        0x4  startup_stm32h7b3xxq.o [6]
  .text                   ro code   0x801'4c6e         2        0x4  startup_stm32h7b3xxq.o [6]
  .text                   ro code   0x801'4c72         2        0x4  startup_stm32h7b3xxq.o [6]
  .text                   ro code   0x801'4c76         2        0x4  startup_stm32h7b3xxq.o [6]
  .text                   ro code   0x801'4c7a         2        0x4  startup_stm32h7b3xxq.o [6]
  .text                   ro code   0x801'4c7e         2        0x4  startup_stm32h7b3xxq.o [6]
  .text                   ro code   0x801'4c82         2        0x4  startup_stm32h7b3xxq.o [6]
  .text                   ro code   0x801'4c86         2        0x4  startup_stm32h7b3xxq.o [6]
  .text                   ro code   0x801'4c8a         2        0x4  TouchGFXConfiguration.o [13]
  .text                   ro code   0x801'4c8e         2        0x4  TouchGFXConfiguration.o [13]
  .text                   ro code   0x801'4c92         2        0x8  TouchGFXConfiguration.o [13]
  .text                   ro code   0x801'4c9a         2        0xc  TouchGFXConfiguration.o [13]
  .text                   ro code   0x801'4ca6         2        0xc  TouchGFXConfiguration.o [13]
  .text                   ro code   0x801'4cb2         2        0x4  TouchGFXGeneratedHAL.o [13]
  .text                   ro code   0x801'4cb6         2        0x4  TouchGFXGeneratedHAL.o [13]
  .text                   ro code   0x801'4cba         2        0x4  TouchGFXGeneratedHAL.o [13]
  .text                   ro code   0x801'4cbe         2        0x4  TouchGFXGeneratedHAL.o [13]
  .text                   ro code   0x801'4cc2         2        0x2  TouchGFXGeneratedHAL.o [13]
  .text                   ro code   0x801'4cc4         2        0x2  TouchGFXGeneratedHAL.o [13]
  .text                   ro code   0x801'4cc6         2       0x12  TouchGFXGeneratedHAL.o [13]
  .text                   ro code   0x801'4cd8         2       0x12  TouchGFXGeneratedHAL.o [13]
  .text                   ro code   0x801'4cea         2        0xa  TouchGFXGeneratedHAL.o [13]
  .text                   ro code   0x801'4cf4         2       0x12  TouchGFXGeneratedHAL.o [13]
  .text                   ro code   0x801'4d06         2       0x16  TouchGFXGeneratedHAL.o [13]
  .text                   ro code   0x801'4d1c         2        0xc  TouchGFXGeneratedHAL.o [13]
  .text                   ro code   0x801'4d28         2        0x6  TouchGFXGeneratedHAL.o [13]
  .text                   ro code   0x801'4d2e         2       0x14  TouchGFXGeneratedHAL.o [13]
  .text                   ro code   0x801'4d42         2       0x2c  TouchGFXGeneratedHAL.o [13]
  .text                   ro code   0x801'4d6e         2       0x1e  TouchGFXGeneratedHAL.o [13]
  .text                   ro code   0x801'4d8c         2        0x2  Application.o [26]
  .text                   ro code   0x801'4d8e         2        0x2  Application.o [26]
  .text                   ro code   0x801'4d90         2        0x2  Application.o [26]
  .text                   ro code   0x801'4d92         2        0x2  Application.o [26]
  .text                   ro code   0x801'4d94         2        0x2  Application.o [26]
  .text                   ro code   0x801'4d96         2        0x2  Screen.o [26]
  .text                   ro code   0x801'4d98         2        0x4  LCD24bpp.o [26]
  .text                   ro code   0x801'4d9c         2       0x20  Button.o [26]
  .text                   ro code   0x801'4dbc         2       0x3c  AbstractButton.o [26]
  .text                   ro code   0x801'4df8         2        0x4  xpurevirtual.o [20]
  .text                   ro code   0x801'4dfc         2       0x38  zero_init3.o [24]
  .text                   ro code   0x801'4e34         2       0x7e  lz77_init_single.o [24]
  .iar.init_table         const     0x801'4eb4         4       0x2c  - Linker created -
  .rodata                 const     0x801'4ee0                  0x1  unwind_debug.o [25]
  .rodata                 const     0x801'4ee1                  0x0  zero_init3.o [24]
  .rodata                 const     0x801'4ee1                  0x0  lz77_init_single.o [24]
  Initializer bytes       const     0x801'4ee1                 0xd0  <for P2-1>
                                  - 0x801'4fb1             0x1'4d05

"P2", part 1 of 3:                                           0x1030
  P2-1                             0x2400'0000               0x1030  <Init block>
    .data                 inited   0x2400'0000         4       0x30  ft5336.o [4]
    .data                 inited   0x2400'0030         4       0x6c  HardwareMJPEGDecoder.o [13]
    .data                 inited   0x2400'009c         4        0xc  OSWrappers.o [13]
    .data                 inited   0x2400'00a8         4        0xc  port.o [7]
    .data                 inited   0x2400'00b4         4        0xc  stm32h7xx_hal.o [9]
    .data                 inited   0x2400'00c0         4        0x8  system_stm32h7xx.o [3]
    .data                 inited   0x2400'00c8         4      0xec4  TouchGFXConfiguration.o [13]
    .data                 inited   0x2400'0f8c         4       0x1c  Application.o [26]
    .data                 inited   0x2400'0fa8         4        0xc  LCD24bpp.o [26]
    .data                 inited   0x2400'0fb4         4        0xc  LCD24bpp.o [26]
    .data                 inited   0x2400'0fc0         4        0xc  LCD24bpp.o [26]
    .data                 inited   0x2400'0fcc         4        0xc  LCD24bpp.o [26]
    .data                 inited   0x2400'0fd8         4        0xc  LCD24bpp.o [26]
    .data                 inited   0x2400'0fe4         4        0xc  LCD24bpp.o [26]
    .data                 inited   0x2400'0ff0         4        0xc  LCD24bpp.o [26]
    .data                 inited   0x2400'0ffc         4        0xc  LCD24bpp.o [26]
    .data                 inited   0x2400'1008         4        0xc  LCD24bpp.o [26]
    .data                 inited   0x2400'1014         4        0xc  LCD24bpp.o [26]
    .data                 inited   0x2400'1020         4        0x8  LCD24bpp.o [26]
    .data                 inited   0x2400'1028         4        0x8  LCD24bpp.o [26]
                                 - 0x2400'1030               0x1030

"P2", part 2 of 3:                                         0x2'0cd4
  .bss                    zero     0x2400'1030         4   0x1'86c0  heap_4.o [7]
  .bss                    zero     0x2401'96f0         4     0x2d00  HardwareMJPEGDecoder.o [13]
  .bss                    zero     0x2401'c3f0         4     0x2d00  HardwareMJPEGDecoder.o [13]
  .bss                    zero     0x2401'f0f0         4      0xa04  stm32h7b3i_discovery_bus.o [8]
  .bss                    zero     0x2401'faf4         4      0x848  LCD24bpp.o [26]
  .bss                    zero     0x2402'033c         4      0x460  cmsis_os2.o [7]
  .bss                    zero     0x2402'079c         4      0x460  tasks.o [7]
  .bss                    zero     0x2402'0bfc         4      0x2f8  TouchGFXConfiguration.o [13]
  .bss                    zero     0x2402'0ef4         4      0x28c  main.o [5]
  .bss                    zero     0x2402'1180         4      0x260  cmsis_os2.o [7]
  .bss                    zero     0x2402'13e0         4      0x12c  timers.o [7]
  .bss                    zero     0x2402'150c         4      0x108  LCD24bpp.o [26]
  TouchGFX_ScratchbufferA
                          zero     0x2402'1620        32      0x100  LCD24bpp.o [26]
  TouchGFX_ScratchbufferB
                          zero     0x2402'1720        32      0x100  LCD24bpp.o [26]
  .bss                    zero     0x2402'1820         4       0x9c  tasks.o [7]
  .bss                    zero     0x2402'18bc         4       0x6c  main.o [5]
  .bss                    zero     0x2402'1928         4       0x6c  main.o [5]
  .bss                    zero     0x2402'1994         4       0x5c  stm32h7b3i_discovery_ospi.o [8]
  .bss                    zero     0x2402'19f0         4       0x58  stm32h7b3i_discovery_bus.o [8]
  .bss                    zero     0x2402'1a48         4       0x58  stm32h7b3i_discovery_ts.o [8]
  .bss                    zero     0x2402'1aa0         4       0x4c  stm32h7xx_hal_timebase_tim.o [5]
  .bss                    zero     0x2402'1aec         4       0x48  TouchGFXGeneratedHAL.o [13]
  .bss                    zero     0x2402'1b34         4       0x48  TouchGFXGeneratedHAL.o [13]
  .bss                    zero     0x2402'1b7c         4       0x40  queue.o [7]
  .bss                    zero     0x2402'1bbc         4       0x30  Table_verdana_10_4bpp.o [12]
  .bss                    zero     0x2402'1bec         4       0x30  Table_verdana_20_4bpp.o [12]
  .bss                    zero     0x2402'1c1c         4       0x30  Table_verdana_40_4bpp.o [12]
  .bss                    zero     0x2402'1c4c         4       0x2c  TouchCalibration.o [26]
  .bss                    zero     0x2402'1c78         4       0x24  Bitmap.o [26]
  .bss                    zero     0x2402'1c9c         4       0x10  Texts.o [19]
  .bss                    zero     0x2402'1cac         4       0x10  TouchGFXGPIO.o [18]
  .bss                    zero     0x2402'1cbc         4       0x10  HAL.o [26]
  .bss                    zero     0x2402'1ccc         4        0xc  TypedTextDatabase.o [19]
  .bss                    zero     0x2402'1cd8         4        0xa  stm32h7b3i_discovery_ospi.o [8]
  .bss                    zero     0x2402'1ce2         2        0x2  TypedText.o [26]
  .bss                    zero     0x2402'1ce4         4        0x4  cmsis_os2.o [7]
  .bss                    zero     0x2402'1ce8         4        0x4  stm32h7xx_hal_msp.o [5]
  .bss                    zero     0x2402'1cec         2        0x4  TouchGFXGeneratedHAL.o [13]
  .bss                    zero     0x2402'1cf0         4        0x4  TypedText.o [26]
  .bss                    zero     0x2402'1cf4         4        0x4  TypedText.o [26]
  .bss                    zero     0x2402'1cf8         4        0x4  TypedText.o [26]
  .bss                    zero     0x2402'1cfc         4        0x4  FontManager.o [26]
  .bss                    zero     0x2402'1d00                  0x2  HAL.o [26]
  .bss                    zero     0x2402'1d02                  0x1  TouchGFXConfiguration.o [13]
  .bss                    zero     0x2402'1d03                  0x1  HAL.o [26]
                                 - 0x2402'1d04             0x2'0cd4

"P2", part 3 of 3:                                           0x1000
  CSTACK                           0x2402'1d08         8     0x1000  <Block>
    CSTACK                uninit   0x2402'1d08               0x1000  <Block tail>
                                 - 0x2402'2d08               0x1000

"P3":                                                      0xb'f400
  TouchGFX_Framebuffer    zero     0x2404'0000         4   0xb'f400  TouchGFXGeneratedHAL.o [13]
                                 - 0x240f'f400             0xb'f400

"P4":                                                     0x44'5e94
  ExtFlashSection         const    0x9000'0000         4  0x3e'22e0  SampleVideo2_216x216.bin [1]
  ExtFlashSection         const    0x903e'22e0         4   0x5'fa00  image_background.o [15]
  ExtFlashSection         const    0x9044'1ce0         4     0x1000  image_button_pause_pink.o [15]
  ExtFlashSection         const    0x9044'2ce0         4     0x1000  image_button_pause_white.o [15]
  ExtFlashSection         const    0x9044'3ce0         4     0x1000  image_button_play_pink.o [15]
  ExtFlashSection         const    0x9044'4ce0         4     0x1000  image_button_play_white.o [15]
  FontFlashSection        const    0x9044'5ce0         4      0x118  Font_verdana_40_4bpp_0.o [12]
  FontFlashSection        const    0x9044'5df8         4       0x48  Font_verdana_20_4bpp_0.o [12]
  FontFlashSection        const    0x9044'5e40         4       0x18  Font_verdana_10_4bpp_0.o [12]
  FontFlashSection        const    0x9044'5e58         4       0x10  Table_verdana_10_4bpp.o [12]
  FontFlashSection        const    0x9044'5e68         4       0x10  Table_verdana_20_4bpp.o [12]
  FontFlashSection        const    0x9044'5e78         4       0x10  Table_verdana_40_4bpp.o [12]
  TextFlashSection        const    0x9044'5e88         4        0x4  LanguageGb.o [19]
  TextFlashSection        const    0x9044'5e8c         4        0x4  TypedTextDatabase.o [19]
  TextFlashSection        const    0x9044'5e90         2        0x2  Texts.o [19]
  TextFlashSection        const    0x9044'5e92         2        0x2  TypedTextDatabase.o [19]
                                 - 0x9044'5e94            0x44'5e94

"P5":                                                      0x5'fa00
  Video_RGB_Buffer        uninit   0xd000'0000         4   0x5'fa00  TouchGFXGeneratedHAL.o [13]
                                 - 0xd005'fa00             0x5'fa00

Unused ranges:

         From           To        Size
         ----           --        ----
   0x801'4fb1   0x81f'ffff   0x1e'b04f
  0x2402'1d04  0x2402'1d07         0x4
  0x2402'2d08  0x2403'ffff    0x1'd2f8
  0x240f'f400  0x240f'ffff       0xc00
  0x9044'5e94  0x93ff'ffff  0x3bb'a16c
  0xd005'fa00  0xd07f'ffff   0x7a'0600


*******************************************************************************
*** INIT TABLE
***

          Address      Size
          -------      ----
Zero (__iar_zero_init3)
    2 destination ranges, total size 0xe'00d4:
          0x2400'1030  0x2'0cd4
          0x2404'0000  0xb'f400

Copy/lz77 (__iar_lz77_init_single3)
    1 source range, total size 0xd0 (5% of destination):
           0x801'4ee1      0xd0
    1 destination range, total size 0x1030:
          0x2400'0000    0x1030

Extra (__iar_cstart_call_ctors)



*******************************************************************************
*** MODULE SUMMARY
***

    Module                        ro code    ro data    rw data
    ------                        -------    -------    -------
command line/config:
    -----------------------------------------------------------
    Total:

C:\TouchGFXProjects\VideoExample\EWARM\..\TouchGFX\generated\videos\bin: [1]
    SampleVideo2_216x216.bin               4'072'160
    -----------------------------------------------------------
    Total:                                 4'072'160

C:\TouchGFXProjects\VideoExample\EWARM\STM32H7B3I-DK\Obj\App_5202669685432094971.dir: [2]
    app_touchgfx.o                     20
    -----------------------------------------------------------
    Total:                             20

C:\TouchGFXProjects\VideoExample\EWARM\STM32H7B3I-DK\Obj\CMSIS_6603591812247902717.dir: [3]
    system_stm32h7xx.o                144          1          8
    -----------------------------------------------------------
    Total:                            144          1          8

C:\TouchGFXProjects\VideoExample\EWARM\STM32H7B3I-DK\Obj\Components_1361118596739929299.dir: [4]
    ft5336.o                          516          2         48
    ft5336_reg.o                      182
    mx25lm51245g.o                  1'568
    -----------------------------------------------------------
    Total:                          2'266          2         48

C:\TouchGFXProjects\VideoExample\EWARM\STM32H7B3I-DK\Obj\Core_13247989168731456611.dir: [5]
    freertos.o                         12
    main.o                          1'698        144        868
    stm32h7xx_hal_msp.o             1'312                     4
    stm32h7xx_hal_timebase_tim.o      148                    76
    stm32h7xx_it.o                     96
    -----------------------------------------------------------
    Total:                          3'266        144        948

C:\TouchGFXProjects\VideoExample\EWARM\STM32H7B3I-DK\Obj\EWARM_18443280873093131863.dir: [6]
    startup_stm32h7b3xxq.o          1'216
    -----------------------------------------------------------
    Total:                          1'216

C:\TouchGFXProjects\VideoExample\EWARM\STM32H7B3I-DK\Obj\FreeRTOS_4809373609813369194.dir: [7]
    cmsis_os2.o                     1'174                 1'732
    heap_4.o                          444               100'032
    list.o                            156
    port.o                            532          1         12
    portasm.o                         176
    queue.o                         2'892                    64
    tasks.o                         2'492                 1'276
    timers.o                          932                   300
    -----------------------------------------------------------
    Total:                          8'798          1    103'416

C:\TouchGFXProjects\VideoExample\EWARM\STM32H7B3I-DK\Obj\STM32H7B3I-DK_16853667502136882900.dir: [8]
    stm32h7b3i_discovery_bus.o        884                 2'652
    stm32h7b3i_discovery_ospi.o     1'716                   102
    stm32h7b3i_discovery_ts.o         404                    88
    -----------------------------------------------------------
    Total:                          3'004                 2'842

C:\TouchGFXProjects\VideoExample\EWARM\STM32H7B3I-DK\Obj\STM32H7xx_HAL_Driver_12323373487323971647.dir: [9]
    stm32h7xx_hal.o                   160                    12
    stm32h7xx_hal_cortex.o            308
    stm32h7xx_hal_crc.o               120
    stm32h7xx_hal_crc_ex.o             84
    stm32h7xx_hal_dma2d.o             628
    stm32h7xx_hal_gpio.o              902
    stm32h7xx_hal_i2c.o             1'812
    stm32h7xx_hal_i2c_ex.o            156
    stm32h7xx_hal_jpeg.o            4'268        552
    stm32h7xx_hal_ltdc.o              844
    stm32h7xx_hal_mdma.o            1'128
    stm32h7xx_hal_ospi.o            2'328
    stm32h7xx_hal_pwr_ex.o            120
    stm32h7xx_hal_rcc.o             2'352
    stm32h7xx_hal_rcc_ex.o          2'672
    stm32h7xx_hal_sdram.o             184
    stm32h7xx_hal_tim.o               834
    stm32h7xx_hal_tim_ex.o              6
    stm32h7xx_ll_fmc.o                302
    -----------------------------------------------------------
    Total:                         19'208        552         12

C:\TouchGFXProjects\VideoExample\EWARM\STM32H7B3I-DK\Obj\Utilities_17002154029713865955.dir: [10]
    -----------------------------------------------------------
    Total:

C:\TouchGFXProjects\VideoExample\EWARM\STM32H7B3I-DK\Obj\common_9093591717041166327.dir: [11]
    FrontendApplication.o              78         84
    -----------------------------------------------------------
    Total:                             78         84

C:\TouchGFXProjects\VideoExample\EWARM\STM32H7B3I-DK\Obj\fonts_364335927246062651.dir: [12]
    ApplicationFontProvider.o                     20
    Font_verdana_10_4bpp_0.o                      24
    Font_verdana_20_4bpp_0.o                      72
    Font_verdana_40_4bpp_0.o                     280
    GeneratedFont.o                   124        104
    Kerning_verdana_10_4bpp.o                      4
    Kerning_verdana_20_4bpp.o                      4
[...]
touchgfx::Screen::handleGestureEvent(touchgfx::GestureEvent const &)
                         0x800'6bdd       0x4c  Code  Gb  Screen.o [26]
touchgfx::Screen::handleKeyEvent(unsigned char)
                         0x800'b10b        0x2  Code  Wk  MainView.o [16]
touchgfx::Screen::handleTickEvent()
                         0x800'ad7f        0x2  Code  Wk  MainView.o [16]
touchgfx::Screen::setupScreen()
                         0x800'c05b        0x2  Code  Wk  MainViewBase.o [14]
touchgfx::Screen::startSMOC(touchgfx::Rect const &)
                         0x800'67dd       0x54  Code  Gb  Screen.o [26]
touchgfx::Screen::tearDownScreen()
                         0x801'0057        0x2  Code  Wk  MainViewBase.o [14]
touchgfx::Screen::~Screen()
                         0x801'4d97        0x2  Code  Wk  Screen.o [26]
touchgfx::Texts::currentLanguage
                        0x2402'1c9c        0x2  Data  Gb  Texts.o [19]
touchgfx::Texts::setLanguage(unsigned short)
                         0x801'356d       0x46  Code  Gb  Texts.o [19]
touchgfx::TouchCalibration::clzu(unsigned int)
                         0x800'b28b       0x3a  Code  Gb  TouchCalibration.o [26]
touchgfx::TouchCalibration::matrix
                        0x2402'1c4c       0x2c  Data  Gb  TouchCalibration.o [26]
touchgfx::TouchCalibration::muldiv(int, int, int, int, int &)
                         0x800'b131       0x92  Code  Gb  TouchCalibration.o [26]
touchgfx::TouchCalibration::muldivu(unsigned int, unsigned int, unsigned int, unsigned int, unsigned int, unsigned int &)
                         0x800'b1c3       0xc0  Code  Gb  TouchCalibration.o [26]
touchgfx::TouchCalibration::translatePoint(touchgfx::Point &)
                         0x800'b2c5       0x74  Code  Gb  TouchCalibration.o [26]
touchgfx::Transition::handleTickEvent()
                         0x800'4b7b        0x2  Code  Wk  FrontendApplicationBase.o [14]
touchgfx::Transition::init()
                         0x800'513f        0x2  Code  Wk  FrontendApplicationBase.o [14]
touchgfx::Transition::invalidate()
                         0x801'4a27       0x10  Code  Wk  FrontendApplicationBase.o [14]
touchgfx::Transition::setScreenContainer(touchgfx::Container &)
                         0x801'4a37        0x4  Code  Wk  FrontendApplicationBase.o [14]
touchgfx::Transition::tearDown()
                         0x800'50c7        0x2  Code  Wk  FrontendApplicationBase.o [14]
touchgfx::Transition::~Transition()
                         0x800'31fb        0x2  Code  Wk  FrontendApplicationBase.o [14]
touchgfx::TypedText::fonts
                        0x2402'1cf8        0x4  Data  Gb  TypedText.o [26]
touchgfx::TypedText::numberOfTypedTexts
                        0x2402'1ce2        0x2  Data  Gb  TypedText.o [26]
touchgfx::TypedText::texts
                        0x2402'1cf4        0x4  Data  Gb  TypedText.o [26]
touchgfx::TypedText::typedTexts
                        0x2402'1cf0        0x4  Data  Gb  TypedText.o [26]
touchgfx::UIEventListener::handleClickEvent(touchgfx::ClickEvent const &)
                         0x801'4d8d        0x2  Code  Wk  Application.o [26]
touchgfx::UIEventListener::handleDragEvent(touchgfx::DragEvent const &)
                         0x801'4d8f        0x2  Code  Wk  Application.o [26]
touchgfx::UIEventListener::handleGestureEvent(touchgfx::GestureEvent const &)
                         0x801'4d91        0x2  Code  Wk  Application.o [26]
touchgfx::UIEventListener::handleKeyEvent(unsigned char)
                         0x801'4d93        0x2  Code  Wk  Application.o [26]
touchgfx::UIEventListener::handleTickEvent()
                         0x801'4d95        0x2  Code  Wk  Application.o [26]
touchgfx::Vector<touchgfx::Drawable *, (unsigned short)32>::add(touchgfx::Drawable *)::string (instance 2)
                         0x800'166c       0x30  Data  Wk  Application.o [26]
touchgfx::Vector<touchgfx::Drawable *, (unsigned short)32>::add(touchgfx::Drawable *)::string (instance 3)
                         0x800'169c       0x54  Data  Wk  Application.o [26]
touchgfx::Vector<touchgfx::Drawable *, (unsigned short)32>::quickRemoveAt(unsigned short)::string
                         0x800'16f0       0x10  Data  Wk  Application.o [26]
touchgfx::Vector<touchgfx::Drawable *, (unsigned short)32>::quickRemoveAt(unsigned short)::string (instance 2)
                         0x800'1700       0x54  Data  Wk  Application.o [26]
touchgfx::Vector<touchgfx::Rect, (unsigned short)8>::Vector()
                         0x800'65f9       0x1c  Code  Wk  Application.o [26]
touchgfx::Vector<touchgfx::Rect, (unsigned short)8>::add(touchgfx::Rect)
                         0x800'6e0d       0x4c  Code  Wk  Application.o [26]
touchgfx::Vector<touchgfx::Rect, (unsigned short)8>::add(touchgfx::Rect)::string (instance 2)
                         0x800'15e8       0x30  Data  Wk  Application.o [26]
touchgfx::Vector<touchgfx::Rect, (unsigned short)8>::add(touchgfx::Rect)::string (instance 3)
                         0x800'1618       0x54  Data  Wk  Application.o [26]
touchgfx::Vector<touchgfx::Rect, (unsigned short)8>::quickRemoveAt(unsigned short)
                         0x800'6d25       0x4c  Code  Wk  Application.o [26]
touchgfx::Vector<touchgfx::Rect, (unsigned short)8>::quickRemoveAt(unsigned short)::string
                         0x800'1584       0x10  Data  Wk  Application.o [26]
touchgfx::Vector<touchgfx::Rect, (unsigned short)8>::quickRemoveAt(unsigned short)::string (instance 2)
                         0x800'1594       0x54  Data  Wk  Application.o [26]
touchgfx::VectorFontRendererImpl::VectorFontRendererImpl()
                         0x801'3519        0x2  Code  Gb  VectorFontRendererImpl.o [26]
touchgfx::VideoController::getInstance()
                         0x800'804f        0x4  Code  Gb  TouchGFXGeneratedHAL.o [13]
touchgfx::VideoWidget::VideoWidget()
                         0x800'7b09       0x64  Code  Gb  VideoWidget.o [26]
touchgfx::VideoWidget::draw(touchgfx::Rect const &) const
                         0x800'7c65       0x9a  Code  Gb  VideoWidget.o [26]
touchgfx::VideoWidget::getSolidRect() const
                         0x800'7c03       0x62  Code  Gb  VideoWidget.o [26]
touchgfx::VideoWidget::handleTickEvent()
                         0x800'7bd3       0x30  Code  Gb  VideoWidget.o [26]
touchgfx::VideoWidget::pause() const
                         0x800'7ba3       0x10  Code  Gb  VideoWidget.o [26]
touchgfx::VideoWidget::play() const
                         0x800'7b91       0x12  Code  Gb  VideoWidget.o [26]
touchgfx::VideoWidget::readVideoInformation()
                         0x800'7d43       0x32  Code  Gb  VideoWidget.o [26]
touchgfx::VideoWidget::setFrameRate(unsigned int, unsigned int) const
                         0x800'7d09       0x1a  Code  Gb  VideoWidget.o [26]
touchgfx::VideoWidget::setRepeat(bool) const
                         0x800'7bb9       0x1a  Code  Gb  VideoWidget.o [26]
touchgfx::VideoWidget::setVideoData(unsigned char const *, unsigned int)
                         0x800'7d23       0x20  Code  Gb  VideoWidget.o [26]
touchgfx::VideoWidget::~VideoWidget()
                         0x800'7b6d       0x24  Code  Gb  VideoWidget.o [26]
touchgfx::View<MainPresenter>::~View()
                         0x801'38d3        0x2  Code  Wk  MainViewBase.o [14]
touchgfx::Widget::Widget() [subobject]
                         0x800'8011       0x2a  Code  Wk  MainViewBase.o [14]
touchgfx::Widget::getLastChild(short, short, touchgfx::Drawable **)
                         0x801'4cd9       0x12  Code  Wk  TouchGFXGeneratedHAL.o [13]
touchgfx::paint::flushLine(unsigned int *, int)
                         0x801'06fd       0x30  Code  Gb  STM32DMA.o [13]
touchgfx::paint::rgb888::lineFromARGB8888(unsigned char *, unsigned int const *, unsigned int, unsigned char)
                         0x801'07b1       0x2e  Code  Gb  STM32DMA.o [13]
touchgfx::paint::rgb888::lineFromColor(unsigned char *, unsigned int, unsigned int, unsigned char)
                         0x801'072d       0x44  Code  Gb  STM32DMA.o [13]
touchgfx::paint::rgb888::lineFromRGB888(unsigned char *, unsigned char const *, unsigned int, unsigned char)
                         0x801'0777       0x3a  Code  Gb  STM32DMA.o [13]
touchgfx::paint::tearDown()
                         0x801'06ef        0xe  Code  Gb  STM32DMA.o [13]
touchgfx_components_init
                         0x801'00e7        0x2  Code  Gb  TouchGFXConfiguration.o [13]
touchgfx_fonts          0x2402'1ccc        0xc  Data  Gb  TypedTextDatabase.o [19]
touchgfx_init            0x801'0093       0x54  Code  Gb  TouchGFXConfiguration.o [13]
touchgfx_taskEntry       0x801'00e9        0x6  Code  Gb  TouchGFXConfiguration.o [13]
typedTextDatabaseArray  0x9044'5e8c        0x4  Data  Gb  TypedTextDatabase.o [19]
typedText_database_DEFAULT
                        0x9044'5e92        0x2  Data  Gb  TypedTextDatabase.o [19]
ucHeap                  0x2400'1050   0x1'86a0  Data  Lc  heap_4.o [7]
ucMaxSysCallPriority    0x2400'00a8        0x1  Data  Lc  port.o [7]
ulMaxPRIGROUPValue      0x2400'00b0        0x4  Data  Lc  port.o [7]
unicodes_verdana_10_4bpp
                         0x801'4990        0x4  Data  Gb  Table_verdana_10_4bpp.o [12]
unicodes_verdana_10_4bpp_0
                        0x9044'5e40       0x18  Data  Gb  Font_verdana_10_4bpp_0.o [12]
unicodes_verdana_20_4bpp
                         0x801'4994        0x4  Data  Gb  Table_verdana_20_4bpp.o [12]
unicodes_verdana_20_4bpp_0
                        0x9044'5df8       0x48  Data  Gb  Font_verdana_20_4bpp_0.o [12]
unicodes_verdana_40_4bpp
                         0x801'4998        0x4  Data  Gb  Table_verdana_40_4bpp.o [12]
unicodes_verdana_40_4bpp_0
                        0x9044'5ce0      0x118  Data  Gb  Font_verdana_40_4bpp_0.o [12]
uwTick                  0x2400'00b8        0x4  Data  Gb  stm32h7xx_hal.o [9]
uwTickFreq              0x2400'00b4        0x1  Data  Gb  stm32h7xx_hal.o [9]
uwTickPrio              0x2400'00bc        0x4  Data  Gb  stm32h7xx_hal.o [9]
uxCriticalNesting       0x2400'00ac        0x4  Data  Lc  port.o [7]
uxCurrentNumberOfTasks  0x2402'186c        0x4  Data  Lc  tasks.o [7]
uxDeletedTasksWaitingCleanUp
                        0x2402'1854        0x4  Data  Lc  tasks.o [7]
uxListRemove             0x800'4b4f       0x2c  Code  Gb  list.o [7]
uxSchedulerSuspended    0x2402'1890        0x4  Data  Lc  tasks.o [7]
uxTaskNumber            0x2402'1888        0x4  Data  Lc  tasks.o [7]
uxTopReadyPriority      0x2402'1874        0x4  Data  Lc  tasks.o [7]
vApplicationGetIdleTaskMemory
                         0x800'4b7d       0x14  Code  Wk  cmsis_os2.o [7]
vApplicationGetIdleTaskMemory::Idle_Stack
                        0x2402'11e0      0x200  Data  Lc  cmsis_os2.o [7]
vApplicationGetIdleTaskMemory::Idle_TCB
                        0x2402'1180       0x60  Data  Lc  cmsis_os2.o [7]
vApplicationGetTimerTaskMemory
                         0x800'50c9       0x18  Code  Wk  cmsis_os2.o [7]
vApplicationGetTimerTaskMemory::Timer_Stack
                        0x2402'039c      0x400  Data  Lc  cmsis_os2.o [7]
vApplicationGetTimerTaskMemory::Timer_TCB
                        0x2402'033c       0x60  Data  Lc  cmsis_os2.o [7]
vApplicationIdleHook     0x800'4f35        0xc  Code  Gb  freertos.o [5]
vListInitialise          0x800'4adf       0x1a  Code  Gb  list.o [7]
vListInitialiseItem      0x800'4af9        0x6  Code  Gb  list.o [7]
vListInsert              0x800'4b1b       0x34  Code  Gb  list.o [7]
vListInsertEnd           0x800'4aff       0x1c  Code  Gb  list.o [7]
vPortEnableVFP           0x800'5005             Code  Gb  portasm.o [7]
vPortEnterCritical       0x800'3cbb       0x32  Code  Gb  port.o [7]
vPortExitCritical        0x800'3ced       0x22  Code  Gb  port.o [7]
vPortFree                0x800'49f7       0x5e  Code  Gb  heap_4.o [7]
vPortSetupTimerInterrupt
                         0x800'4f41       0x30  Code  Wk  port.o [7]
vPortStartFirstTask      0x800'4fe5             Code  Gb  portasm.o [7]
vPortValidateInterruptPriority
                         0x800'3d35       0x44  Code  Gb  port.o [7]
vQueueAddToRegistry      0x800'47eb       0x54  Code  Gb  queue.o [7]
vQueueDelete             0x800'46d1       0x2c  Code  Gb  queue.o [7]
vQueueUnregisterQueue    0x800'483f       0x58  Code  Gb  queue.o [7]
vQueueWaitForMessageRestricted
                         0x800'48a1       0x48  Code  Gb  queue.o [7]
vTaskDelay               0x800'3445       0x6e  Code  Gb  tasks.o [7]
vTaskInternalSetTimeOutState
                         0x800'3879        0xe  Code  Gb  tasks.o [7]
vTaskMissedYield         0x800'38fd        0xa  Code  Gb  tasks.o [7]
vTaskPlaceOnEventList    0x800'376b       0x56  Code  Gb  tasks.o [7]
vTaskPlaceOnEventListRestricted
                         0x800'37dd       0x36  Code  Gb  tasks.o [7]
vTaskPriorityDisinheritAfterTimeout
                         0x800'3ac1       0x84  Code  Gb  tasks.o [7]
vTaskSetApplicationTaskTag
                         0x800'36c9       0x14  Code  Gb  tasks.o [7]
vTaskStartScheduler      0x800'34b5       0x7c  Code  Gb  tasks.o [7]
vTaskSuspendAll          0x800'3539        0xc  Code  Gb  tasks.o [7]
vTaskSwitchContext       0x800'36f9       0x72  Code  Gb  tasks.o [7]
vectorFontRenderer      0x2400'0ee4       0x1c  Data  Lc  TouchGFXConfiguration.o [13]
videoTaskFunc            0x800'81d3        0x6  Code  Gb  TouchGFXGeneratedHAL.o [13]
videoTaskHandle         0x2402'117c        0x4  Data  Gb  main.o [5]
videoTask_attributes     0x800'089c       0x24  Data  Gb  main.o [5]
video_SampleVideo2_216x216_bin_start
                        0x9000'0000  0x3e'22e0  Data  Gb  SampleVideo2_216x216.bin [1]
vsync_queue             0x2400'00a0        0x4  Data  Lc  OSWrappers.o [13]
xActiveTimerList1       0x2402'13f4       0x14  Data  Lc  timers.o [7]
xActiveTimerList2       0x2402'1408       0x14  Data  Lc  timers.o [7]
xBlockAllocatedBit      0x2400'104c        0x4  Data  Lc  heap_4.o [7]
xDelayedTaskList1       0x2402'1894       0x14  Data  Lc  tasks.o [7]
xDelayedTaskList2       0x2402'18a8       0x14  Data  Lc  tasks.o [7]
xFreeBytesRemaining     0x2400'103c        0x4  Data  Lc  heap_4.o [7]
xMinimumEverFreeBytesRemaining
                        0x2400'1040        0x4  Data  Lc  heap_4.o [7]
xNextTaskUnblockTime    0x2402'188c        0x4  Data  Lc  tasks.o [7]
xNumOfOverflows         0x2402'1884        0x4  Data  Lc  tasks.o [7]
xNumberOfSuccessfulAllocations
                        0x2400'1044        0x4  Data  Lc  heap_4.o [7]
xNumberOfSuccessfulFrees
                        0x2400'1048        0x4  Data  Lc  heap_4.o [7]
xPendedTicks            0x2402'187c        0x4  Data  Lc  tasks.o [7]
xPendingReadyList       0x2402'1820       0x14  Data  Lc  tasks.o [7]
xPortStartScheduler      0x800'3bfd       0xbe  Code  Gb  port.o [7]
xPortSysTickHandler      0x800'3d0f       0x26  Code  Gb  port.o [7]
xQueueCreateCountingSemaphore
                         0x800'406f       0x38  Code  Gb  queue.o [7]
xQueueCreateCountingSemaphoreStatic
                         0x800'3ffb       0x74  Code  Gb  queue.o [7]
xQueueCreateMutex        0x800'3f0d       0x24  Code  Gb  queue.o [7]
xQueueCreateMutexStatic
                         0x800'3f31       0x46  Code  Gb  queue.o [7]
xQueueGenericCreate      0x800'3e99       0x42  Code  Gb  queue.o [7]
xQueueGenericCreateStatic
                         0x800'3e1d       0x7c  Code  Gb  queue.o [7]
xQueueGenericReset       0x800'3d9d       0x80  Code  Gb  queue.o [7]
xQueueGenericSend        0x800'40a7      0x164  Code  Gb  queue.o [7]
xQueueGenericSendFromISR
                         0x800'4211       0xae  Code  Gb  queue.o [7]
xQueueGiveFromISR        0x800'42c7       0x9c  Code  Gb  queue.o [7]
xQueueGiveMutexRecursive
                         0x800'3f81       0x3c  Code  Gb  queue.o [7]
xQueueReceive            0x800'4363      0x144  Code  Gb  queue.o [7]
xQueueReceiveFromISR     0x800'4645       0x8c  Code  Gb  queue.o [7]
xQueueRegistry          0x2402'1b7c       0x40  Data  Gb  queue.o [7]
xQueueSemaphoreTake      0x800'44a7      0x18a  Code  Gb  queue.o [7]
xQueueTakeMutexRecursive
                         0x800'3fbd       0x3e  Code  Gb  queue.o [7]
xSchedulerRunning       0x2402'1878        0x4  Data  Lc  tasks.o [7]
xStart                  0x2400'1030        0x8  Data  Lc  heap_4.o [7]
xSuspendedTaskList      0x2402'1858       0x14  Data  Lc  tasks.o [7]
xTaskCallApplicationTaskHook
                         0x800'36e5       0x14  Code  Gb  tasks.o [7]
xTaskCheckForTimeOut     0x800'3887       0x72  Code  Gb  tasks.o [7]
xTaskCreate              0x800'3271       0x56  Code  Gb  tasks.o [7]
xTaskCreateStatic        0x800'31fd       0x74  Code  Gb  tasks.o [7]
xTaskGetCurrentTaskHandle
                         0x800'39bb        0x8  Code  Gb  tasks.o [7]
xTaskGetSchedulerState   0x800'39c3       0x18  Code  Gb  tasks.o [7]
xTaskGetTickCount        0x800'35f7        0x8  Code  Gb  tasks.o [7]
xTaskIncrementTick       0x800'35ff       0xca  Code  Gb  tasks.o [7]
xTaskPriorityDisinherit
                         0x800'3a4d       0x74  Code  Gb  tasks.o [7]
xTaskPriorityInherit     0x800'39db       0x72  Code  Gb  tasks.o [7]
xTaskRemoveFromEventList
                         0x800'3813       0x66  Code  Gb  tasks.o [7]
xTaskResumeAll           0x800'3545       0xb2  Code  Gb  tasks.o [7]
xTasksWaitingTermination
                        0x2402'1834       0x14  Data  Lc  tasks.o [7]
xTickCount              0x2402'1870        0x4  Data  Lc  tasks.o [7]
xTimerCreateTimerTask    0x800'4b91       0x58  Code  Gb  timers.o [7]
xTimerQueue             0x2402'13e8        0x4  Data  Lc  timers.o [7]
xTimerTaskHandle        0x2402'13ec        0x4  Data  Lc  timers.o [7]
xYieldPending           0x2402'1880        0x4  Data  Lc  tasks.o [7]


[1] = C:\TouchGFXProjects\VideoExample\EWARM\..\TouchGFX\generated\videos\bin
[2] = C:\TouchGFXProjects\VideoExample\EWARM\STM32H7B3I-DK\Obj\App_5202669685432094971.dir
[3] = C:\TouchGFXProjects\VideoExample\EWARM\STM32H7B3I-DK\Obj\CMSIS_6603591812247902717.dir
[4] = C:\TouchGFXProjects\VideoExample\EWARM\STM32H7B3I-DK\Obj\Components_1361118596739929299.dir
[5] = C:\TouchGFXProjects\VideoExample\EWARM\STM32H7B3I-DK\Obj\Core_13247989168731456611.dir
[6] = C:\TouchGFXProjects\VideoExample\EWARM\STM32H7B3I-DK\Obj\EWARM_18443280873093131863.dir
[7] = C:\TouchGFXProjects\VideoExample\EWARM\STM32H7B3I-DK\Obj\FreeRTOS_4809373609813369194.dir
[8] = C:\TouchGFXProjects\VideoExample\EWARM\STM32H7B3I-DK\Obj\STM32H7B3I-DK_16853667502136882900.dir
[9] = C:\TouchGFXProjects\VideoExample\EWARM\STM32H7B3I-DK\Obj\STM32H7xx_HAL_Driver_12323373487323971647.dir
[10] = C:\TouchGFXProjects\VideoExample\EWARM\STM32H7B3I-DK\Obj\Utilities_17002154029713865955.dir
[11] = C:\TouchGFXProjects\VideoExample\EWARM\STM32H7B3I-DK\Obj\common_9093591717041166327.dir
[12] = C:\TouchGFXProjects\VideoExample\EWARM\STM32H7B3I-DK\Obj\fonts_364335927246062651.dir
[13] = C:\TouchGFXProjects\VideoExample\EWARM\STM32H7B3I-DK\Obj\generated_2151484183173274892.dir
[14] = C:\TouchGFXProjects\VideoExample\EWARM\STM32H7B3I-DK\Obj\gui_generated_17774266889632594391.dir
[15] = C:\TouchGFXProjects\VideoExample\EWARM\STM32H7B3I-DK\Obj\images_51081619550049707.dir
[16] = C:\TouchGFXProjects\VideoExample\EWARM\STM32H7B3I-DK\Obj\main_screen_12524519431270859662.dir
[17] = C:\TouchGFXProjects\VideoExample\EWARM\STM32H7B3I-DK\Obj\model_4974880502791735897.dir
[18] = C:\TouchGFXProjects\VideoExample\EWARM\STM32H7B3I-DK\Obj\target_17702135352954180117.dir
[19] = C:\TouchGFXProjects\VideoExample\EWARM\STM32H7B3I-DK\Obj\texts_3692531682719997760.dir
[20] = dl7M_tlf.a
[21] = dlpp7M_tlv_fc.a
[22] = dlpprt7M_tl_fc.a
[23] = m7M_tlv.a
[24] = rt7M_tl.a
[25] = shb_l.a
[26] = touchgfx_core.a

     74'678 bytes of readonly  code memory
  4'491'919 bytes of readonly  data memory
  1'317'636 bytes of readwrite data memory

Errors: none
Warnings: none
